description: dS/dxi
scaling: 4.697889028520918e-05
val: -0.21286156269954284
val: -0.00018813791478775168
val: -0.0001876342321839744
val: -0.0001864073724057507
val: -0.00018489829176956623
val: -0.00018330015185506645
val: -0.0001816881730420279
val: -0.00018009013275545926
val: -0.00017851408413281967
val: -0.00017697421834142205
val: -0.00017547070022429752
val: -0.00017400093124879807
val: -0.00017256311270252988
val: -0.0001711568461246643
val: -0.00016977933682333035
val: -0.00016842734420997757
val: -0.000167098742739416
val: -0.00016579214776490044
val: -0.00016450539043961113
val: -0.00016323595164365184
val: -0.0001619822839132503
val: -0.00016074315725288365
val: -0.0001595172104603576
val: -0.0001583028380640504
val: -0.00015709850850756266
val: -0.00015590354936750373
val: -0.00015471687318234997
val: -0.00015353748186671868
val: -0.00015236414951331074
val: -0.000151196262715652
val: -0.0001500332435068451
val: -0.00014887414551669875
val: -0.0001477184654253895
val: -0.00014656511037623246
val: -0.00014541391044583087
val: -0.0001442642068170438
val: -0.00014311538422698438
val: -0.00014196699410396897
val: -0.00014081833904475965
val: -0.00013966913839968308
val: -0.00013851890882884044
val: -0.0001373671336897209
val: -0.00013621364384788743
val: -0.0001350575873243409
val: -0.00013389889422601132
val: -0.0001327370390030021
val: -0.00013157173319307817
val: -0.00013040252154870725
val: -0.00012922901561335628
val: -0.00012805089462200484
val: -0.00012686775159969604
val: -0.00012567930315179058
val: -0.00012448511780400743
val: -0.0001232848977512411
val: -0.0001220781721949765
val: -0.00012086468268156637
val: -0.00011964396852763135
val: -0.00011841578597843807
val: -0.00011717981263667981
val: -0.00011593546564498514
val: -0.00011468246104266072
val: -0.00011342049653367675
val: -0.00011214903010709707
val: -0.00011086778546798614
val: -0.0001095763208780867
val: -0.00010827415037001015
val: -0.00010696090064668834
val: -0.00010563613500694645
val: -0.00010429934991522844
val: -0.00010295013980294705
val: -0.00010158796000000568
val: -0.00010021230151299179
val: -9.882268375439557e-05
val: -9.741853035559514e-05
val: -9.599928345071982e-05
val: -9.456437782814325e-05
val: -9.311314692633174e-05
val: -9.164501756130856e-05
val: -9.015952933581872e-05
val: -8.865653062454334e-05
val: -8.713684332531252e-05
val: -8.560524625343884e-05
val: -8.407799335551656e-05
val: -8.260773607842714e-05
val: -8.135585644106844e-05
val: -8.082010017464359e-05
val: -8.252116936438824e-05
val: -9.119857245196959e-05
val: -0.00012285802642614702
val: -0.0002311278187361596
val: -0.0005759244111373837
val: -0.001588953543315004
val: -0.004434953703253152
val: -0.012287723805348585
val: -0.03334873256497313
val: -0.08687393494901753
val: -0.2108173685064374
val: -0.44681569937212134
val: -0.7851494982675241
val: -1.1350690238002012
description: S at surface
scaling: 2993.025100070677
val: 0.8661344437433721
description: Volatile partial pressure
scaling: 1207268.722106174
val: 0.1537816981168612
val: 0.1262406955285102
val: 1.780958759693217
val: 0.2600213040228467
description: Reaction total mass
scaling: 3.249620750537262e+16
val: -1.211840308128902
val: 4.016715354467996
