description: dS/dxi
scaling: 0.04697889028520918
val: 0.0
val: -1.8306174683819412
val: -0.04290185144147255
val: -0.01687067734680558
val: -0.009202165817578026
val: -0.005882291207593232
val: -0.004133530990824689
val: -0.0030953715203236153
val: -0.0024248666860657653
val: -0.001964947375994575
val: -0.001635630482313762
val: -0.0013901498525528402
val: -0.0012018218361713978
val: -0.0010543729791214007
val: -0.0009359691249175888
val: -0.0008393297137275111
val: -0.0007596167872391153
val: -0.0006926110211268139
val: -0.0006357361954900271
val: -0.0005871876114549771
val: -0.000545091651140317
val: -0.0005083865616321997
val: -0.00047628185317368914
val: -0.0004478099446033439
val: -0.0004224967615110869
val: -0.00039994503540969294
val: -0.0003795989059708321
val: -0.0003612446308821966
val: -0.00034465257682759934
val: -0.0003294787605733635
val: -0.0003156367763207018
val: -0.00030297248638413765
val: -0.0002912621198532543
val: -0.0002804864892574037
val: -0.00027052597019789265
val: -0.00026123065197668324
val: -0.0002526174371362532
val: -0.00024457739018922175
val: -0.00023701573296346307
val: -0.00022997299709991097
val: -0.0002233504086435237
val: -0.0002170799290784975
val: -0.00021121557851549734
val: -0.00020565964602012551
val: -0.00020036829350498253
val: -0.00019540396904553538
val: -0.00019066773860239704
val: -0.00018613387449166515
val: -0.00018187010301472782
val: -0.0001777753091820249
val: -0.0001738454215826418
val: -0.00017012829475583524
val: -0.00016654349041879347
val: -0.00016309663844568908
val: -0.00015981813686731335
val: -0.00015664454234251554
val: -0.00015358921953115986
val: -0.0001506673005410782
val: -0.0001478294817266005
val: -0.0001450953645457121
val: -0.0001424667535860526
val: -0.00013990625042774392
val: -0.00013743853327653394
val: -0.00013505380006698952
val: -0.0001327247462244362
val: -0.0001304801911297634
val: -0.00012830024865209983
val: -0.0001261662342167636
val: -0.00012411035266753203
val: -0.00012210398361643354
val: -0.0001201358276786242
val: -0.0001182408374572204
val: -0.00011638286463189513
val: -0.00011455844337599474
val: -0.00011280028542162648
val: -0.00011107024285314618
val: -0.00010937327384657612
val: -0.00010773049305062614
val: -0.00010611161321706336
val: -0.00010452567572409962
val: -0.00010298363511526233
val: -0.00010146209082895715
val: -9.997356964492437e-05
val: -9.852014062298621e-05
val: -9.708444692605669e-05
val: -9.568198579651878e-05
val: -9.430708039401197e-05
val: -9.29476635481999e-05
val: -9.162173991265274e-05
val: -9.031690591372355e-05
val: -8.90257273447007e-05
val: -8.776830817278287e-05
val: -8.652643422422596e-05
val: -8.843714794328514e-05
val: -9.082478592745419e-05
val: -9.326405498695952e-05
val: -9.57600916419259e-05
val: -9.833143066842966e-05
val: -0.00010095967282800385
val: -0.00010365411914882658
val: -0.00010642694266571767
val: -0.00010926274375368765
val: -0.0001121754302465107
val: -0.00011517012730699077
val: -0.00011823482949097819
val: -0.00012138853491349376
val: -0.00012462859779998765
val: -0.00012794683091980246
val: -0.0001313678503601345
val: -0.00013488047542015968
val: -0.00013848079998589647
val: -0.0001421996327931204
val: -0.0001460164540459156
val: -0.00014993418440512556
val: -0.00015398436059803344
val: -0.00015814237638035603
val: -0.00016241960848716215
val: -0.00016683971685465878
val: -0.00017138242408855822
val: -0.00017606560588796446
val: -0.00018090430185793759
val: -0.00018588314704853526
val: -0.0001910272801531318
val: -0.0001963423370662788
val: -0.00020181853841220906
val: -0.00020748915936856586
val: -0.00021334961475386632
val: -0.000219396494603689
val: -0.0002256722351072718
val: -0.00023216118517280373
val: -0.00023886721611288833
val: -0.0002458431415650225
val: -0.000253061365308911
val: -0.00026054027400953313
val: -0.00026832606451600614
val: -0.0002763967648134559
val: -0.0002847816581860187
val: -0.00029351849996444977
val: -0.0003025936685490004
val: -0.00031204864010349364
val: -0.0003219124308733023
val: -0.00033218144463422893
val: -0.0003429115811443829
val: -0.00035412300452658735
val: -0.0003658243522670562
val: -0.0003780888392487835
val: -0.00039092800339197916
val: -0.0004043656543309375
val: -0.0004184961738727448
val: -0.0004333232350804641
val: -0.00044889091239176036
val: -0.0004653167399582937
val: -0.00048260142715461234
val: -0.0005008222173762135
val: -0.0005201020911525773
val: -0.0005404669865521755
val: -0.0005620285554834397
val: -0.0005849215382324345
val: -0.0006092069944793626
val: -0.0006350435487830729
val: -0.0006625880748239546
val: -0.0006919520903557149
val: -0.0007233605462350843
val: -0.0007570098403989541
val: -0.0007930865328827689
val: -0.0008319128856874765
val: -0.000873669795478227
val: -0.0009187074158986114
val: -0.0009675163968590101
val: -0.0010204823997881436
val: -0.001078092205641198
val: -0.0011410528283987873
val: -0.0012099695328496693
val: -0.0012856458725614775
val: -0.001369194404867988
val: -0.0014616320630046237
val: -0.0015643511661878667
val: -0.0016791554046184085
val: -0.0018079244253761937
val: -0.0019531715380993117
val: -0.0021180994618520427
val: -0.002306388443843705
val: -0.0025229458078050177
val: -0.0027740999199681103
val: -0.0030677172255819487
val: -0.003414213837540783
val: -0.003826582726656336
val: -0.004324894958854765
val: -0.004936051875692116
val: -0.005698422627503743
val: -0.006668105778510338
val: -0.007931319442565815
val: -0.009616079166780292
val: -0.01195165362030911
val: -0.015340111092174855
val: -0.020509500881390752
val: -0.02901401478644516
val: -0.04405908927441841
val: -0.0678930163607349
val: -0.07264938915572966
description: S at surface
scaling: 2993.025100070677
val: 0.1346463816793529
