description: dS/dxi
scaling: 4.697889028520918e-05
val: 0.0
val: -0.002298780515044954
val: -0.0009137941571707572
val: -0.0005303643135825494
val: -0.0003593174934597934
val: -0.0002650515148788523
val: -0.0002063180379628564
val: -0.0001666990869849782
val: -0.0001384199972518894
val: -0.000117364352512237
val: -0.0001011719866718496
val: -8.838603583520014e-05
val: -7.807641407572553e-05
val: -6.961258536621615e-05
val: -6.256009917267036e-05
val: -5.660671157936556e-05
val: -5.152505647236943e-05
val: -4.714467402089545e-05
val: -4.333610829372022e-05
val: -3.99990508700802e-05
val: -3.705498692729266e-05
val: -3.44413583617005e-05
val: -3.210809332107556e-05
val: -3.001425429989481e-05
val: -2.812666446109543e-05
val: -2.641742463644058e-05
val: -2.486372621662609e-05
val: -2.344606489521516e-05
val: -2.214823054425585e-05
val: -2.095627053488394e-05
val: -1.985829135179968e-05
val: -1.884412743517884e-05
val: -1.790485649871806e-05
val: -1.703290425438959e-05
val: -1.622153607317626e-05
val: -1.546489575859105e-05
val: -1.475784781860247e-05
val: -1.409584514242273e-05
val: -1.347485148520203e-05
val: -1.289131526819809e-05
val: -1.234203733291827e-05
val: -1.182416522215068e-05
val: -1.133516428407854e-05
val: -1.087273134120081e-05
val: -1.043478884760544e-05
val: -1.0019485007781e-05
val: -9.625134929886353e-06
val: -9.250183797556772e-06
val: -8.893249908529154e-06
val: -8.553051104403552e-06
val: -8.453099662033089e-06
val: -8.58497639003202e-06
val: -8.721605762249574e-06
val: -8.863243705060968e-06
val: -9.010166946021291e-06
val: -9.162671005035494e-06
val: -9.321075803533609e-06
val: -9.485728071718859e-06
val: -9.657003370658212e-06
val: -9.835312340906509e-06
val: -1.002109409838433e-05
val: -1.021484540226901e-05
val: -1.041708645254562e-05
val: -1.062839057927564e-05
val: -1.084939851045557e-05
val: -1.108080584259985e-05
val: -1.132337669158361e-05
val: -1.157797871481952e-05
val: -1.18455736447835e-05
val: -1.212735659004976e-05
val: -1.242508531475755e-05
val: -1.274236764203939e-05
val: -1.308975392783151e-05
val: -1.350367344103553e-05
val: -1.412002211341959e-05
val: -1.545620358020244e-05
val: -1.962218018595127e-05
val: -3.580865594967958e-05
val: -0.0001018925812659968
val: -0.0003512406665831512
val: -0.001253673315911052
val: -0.004439176649279581
val: -0.01552171790616057
val: -0.05247669735827191
val: -0.1652278264997701
val: -0.4370698983699483
val: -0.869602404965457
val: -1.294532099934866
val: -1.58117933960286
val: -1.750741111468546
val: -1.839631909468031
val: -1.890305844405245
val: -1.912239873978711
val: -1.921174527174124
val: -1.928046641730583
val: -1.925953827610037
val: -1.926783583173006
val: -1.921414343726388
val: -1.915431200158713
val: 0.0
description: S at surface
scaling: 2993.025100070677
val: 0.8440404293578658
description: Volatile partial pressure
scaling: 1207268.722106174
val: 5.639075459605456
