description: dS/dr
scaling: 0.04697889028520918
val:                0
val: -1.43014568137681
val: -0.5860849866174359
val: -0.0741390229144316
val: -0.03336022252473413
val: -0.01943103340408802
val: -0.0128896872435449
val: -0.009260998409432402
val: -0.007033486213591483
val: -0.005558840173316965
val: -0.004526479781324436
val: -0.003776768028935286
val: -0.003212440155907444
val: -0.002775744290797124
val: -0.002430968408999276
val: -0.002153444529677712
val: -0.001925806287215163
val: -0.0017366659973887
val: -0.001578135246473177
val: -0.001443102676324422
val: -0.00132696645905183
val: -0.001226846935774045
val: -0.00113924484352347
val: -0.001062088631310862
val: -0.0009940518089994377
val: -0.0009335757969022164
val: -0.000879338480610536
val: -0.0008306162887414108
val: -0.0007867783686090957
val: -0.0007469000306292586
val: -0.0007105164395364652
val: -0.0006774905071306834
val: -0.0006470999926724243
val: -0.0006190436248138494
val: -0.0005933267002465615
val: -0.0005694769137500426
val: -0.0005472598591383701
val: -0.0005266790777758515
val: -0.0005074967117833494
val: -0.0004894902891826397
val: -0.0004726506269568926
val: -0.0004568955640850183
val: -0.0004420083545451048
val: -0.0004279650177453302
val: -0.0004147879541953046
val: -0.0004022647150031467
val: -0.0003903579710184131
val: -0.0003791602476515685
val: -0.000368463869107743
val: -0.0003582319185619268
val: -0.0003485698765560403
val: -0.0003393092770927774
val: -0.0003304121892325701
val: -0.0003219596807797123
val: -0.0003138441587583266
val: -0.0003060168165625235
val: -0.0002985394266657945
val: -0.0002913490246037752
val: -0.0002843896709254823
val: -0.0002777080803537818
val: -0.0002712736465495028
val: -0.0002650263232956453
val: -0.0002590012944222391
val: -0.0002531909175603937
val: -0.0002475334349725694
val: -0.0002420553688993075
val: -0.0002367648149554914
val: -0.0002316002089007891
val: -0.0002265817564086205
val: -0.0002217277228046341
val: -0.0002169781957448499
val: -0.0002123489458265345
val: -0.0002078641055186452
val: -0.0002034665466237095
val: -0.0001991691172300745
val: -0.0001949985192257214
val: -0.0001909012357389697
val: -0.0001868883830895342
val: -0.0001829867132509945
val: -0.000179146928171305
val: -0.0001753793431899293
val: -0.000171708877818973
val: -0.0001680908519633737
val: -0.0001645354867741852
val: -0.000161064487874184
val: -0.0001576380380687602
val: -0.0001542667857803938
val: -0.0001509682533132881
val: -0.0001477075930131928
val: -0.0001444962396220873
val: -0.0001413468903044702
val: -0.0001382296725926891
val: -0.0001351570422957965
val: -0.000132136514625934
val: -0.0001291430793808056
val: -0.0001261903236922003
val: -0.000123280437836334
val: -0.0001203930999970229
val: -0.0001175430432018645
val: -0.0001147271755829894
val: -0.0001165404785419254
val: -0.0001233726466987658
val: -0.0001307765592139608
val: -0.0001388092160611473
val: -0.0001475732996027211
val: -0.0001571463941752124
val: -0.0001676244504648857
val: -0.0001791669303383596
val: -0.0001918970466020444
val: -0.0002059844246381053
val: -0.00022168949575075
val: -0.0002392267750910032
val: -0.00025891512499781
val: -0.0002811878584409323
val: -0.000306478582257303
val: -0.0003354118588718827
val: -0.0003687956249781788
val: -0.0004075766070077621
val: -0.0004530999763876906
val: -0.000507122326134372
val: -0.0005719570973552434
val: -0.00065096318580558
val: -0.0007487911862258947
val: -0.000872237618270532
val: -0.001031830220571158
val: -0.001243833079254169
val: -0.001535257596599795
val: -0.001953572945267282
val: -0.002586062916195167
val: -0.003604041080382133
val: -0.00533021905625639
val: -0.007916511534722535
val: -0.008485594465039428
val: -0.006957274962685477
val: -0.006282698353769325
val: -0.006617176105632132
val: -0.007641634719084463
val: -0.008266604573670457
val: -0.007861695763519146
val: -0.006912572716576577
val: -0.005903301435404761
val: -0.005016805933379648
val: -0.004283347188116676
val: -0.003687225829389785
val: -0.003202583635593309
val: -0.002805440500994829
val: -0.002478311700191919
val: -0.002206041066231049
val: -0.001977302464134646
val: -0.001783547424353352
val: -0.001617851050243836
val: -0.001475139951165105
val: -0.001351327273071919
val: -0.001243109610946581
val: -0.001148069085699567
val: -0.001064028643516856
val: -0.0009893287638820458
val: -0.0009226842892196904
val: -0.0008628671347558816
val: -0.0008090095612042067
val: -0.0007603210222104578
val: -0.0007161040530118634
val: -0.0006758829500719285
val: -0.0006390686163853193
val: -0.0006053368094807235
val: -0.0005743734706060285
val: -0.0005458287375503702
val: -0.0005194897703697672
val: -0.0004951092532737949
val: -0.000472476637268409
val: -0.0004514682441879013
val: -0.0004318817803063217
val: -0.0004136090433341121
val: -0.0003965335451403769
val: -0.0003805270295509137
val: -0.0003655344873594523
val: -0.0003514392455799582
val: -0.0003381760224097063
val: -0.0003256905038710149
val: -0.0003138982349471907
val: -0.0003027709487932958
val: -0.0002922417478510052
val: -0.0002822659972350638
val: -0.0002999344810198059
val: -0.0003430931651728452
val: -0.0003957555894527081
val: -0.000460884063799602
val: -0.000542699451859641
val: -0.000647424480489997
val: -0.0007843363751426913
val: -0.000968070461996893
val: -0.001222482575695667
val: -0.001588764300172429
val: -0.002143254083256209
val: -0.003039694447907827
val: -0.00462796407140038
val: -0.00784543370281416
val: -0.01595399730483101
val: -0.04672558885673965
val:                0
description: S at surface
scaling: 2993.025100070677
val: 0.1346463816793529
