description: dS/dxi
scaling: 4.697889028520918e-05
val: -0.21286156269954284
val: -3.8261072069647456e-05
val: -3.8367329038774065e-05
val: -3.8236210946928746e-05
val: -3.7999991725081864e-05
val: -3.7716652628446594e-05
val: -3.741066190150022e-05
val: -3.709270995754204e-05
val: -3.676753949475769e-05
val: -3.644079446685104e-05
val: -3.611409050329393e-05
val: -3.5788034687468206e-05
val: -3.546319220896606e-05
val: -3.5140278392073485e-05
val: -3.481927364263117e-05
val: -3.449993526006771e-05
val: -3.418221307199069e-05
val: -3.386614339095915e-05
val: -3.3551524949575126e-05
val: -3.323803592968879e-05
val: -3.2925534446727346e-05
val: -3.2613917231349556e-05
val: -3.2303021486138544e-05
val: -3.199261426744602e-05
val: -3.168246314026793e-05
val: -3.1372498738880554e-05
val: -3.1062551383342937e-05
val: -3.0752459036806274e-05
val: -3.0442006248233672e-05
val: -3.013109093547357e-05
val: -2.981960973967631e-05
val: -2.9507380191173273e-05
val: -2.919430169947826e-05
val: -2.888015428885376e-05
val: -2.8564889574758094e-05
val: -2.8248360378041056e-05
val: -2.7930424091315947e-05
val: -2.7610966618949882e-05
val: -2.7289823276548482e-05
val: -2.6966900627326368e-05
val: -2.6642064781532264e-05
val: -2.6315171764212057e-05
val: -2.5986139822999497e-05
val: -2.5654755892870376e-05
val: -2.5320945257214744e-05
val: -2.4984545262181106e-05
val: -2.4645433777485833e-05
val: -2.4303452454946235e-05
val: -2.3958451960733213e-05
val: -2.3610288297220802e-05
val: -2.3258794790437233e-05
val: -2.2903823229700274e-05
val: -2.2545193062910902e-05
val: -2.2182746747246238e-05
val: -2.1816315466908343e-05
val: -2.144586274424897e-05
val: -2.1071758423616206e-05
val: -2.069622775979041e-05
val: -2.0328878964572536e-05
val: -2.0008637277535595e-05
val: -1.9888819230705134e-05
val: -2.0579674282983846e-05
val: -2.459019801418859e-05
val: -4.3257049266915217e-05
val: -0.00012364336023997456
val: -0.00043306545198862367
val: -0.0015569279932496894
val: -0.005520046761635936
val: -0.019206066561857107
val: -0.06409279297085536
val: -0.19618008324278735
val: -0.4966633306126288
val: -0.9376059357453116
val: -1.34639974135365
val: -1.6152610139050267
val: -1.7745395986352384
val: -1.8632883618696052
val: -1.9067639014090274
val: -1.9327510728131276
val: -1.9411338140158148
val: -1.947638220631632
val: -1.950238306116812
val: -1.945521073279264
val: -1.9446914964870594
val: -1.9380681414740104
val: -1.9361555298969833
val: -1.9340245490191028
val: -1.9267287357813643
val: -1.924426574641702
val: -1.91708777856791
val: -1.9147568875766174
val: -1.912426559793763
val: -1.9051545640215386
val: -1.9028525712317683
val: -1.900562583887645
val: -1.8933983798938443
val: -1.8911464494429044
val: -1.8840646336676061
val: -1.8818512023950367
val: -1.879650449492527
description: S at surface
scaling: 2993.025100070677
val: 0.8240576019997687
description: Volatile partial pressure
scaling: 1207268.722106174
val: 2.452300519486911
val: 0.1335777608009567
