description: dS/dxi
scaling: 4.697889028520918e-05
val: -0.21286156269954284
val: -0.2128615626995429
val: -0.21286156269954282
val: -0.21286156269954287
val: -0.21286156269954284
val: -0.2128615626995429
val: -0.21286156269954287
val: -0.21286156269954284
val: -0.21286156269954287
val: -0.21286156269954287
val: -0.2128615626995429
val: -0.21286156269954284
val: -0.21286156269954287
val: -0.21286156269954287
val: -0.21286156269954284
val: -0.21286156269954287
val: -0.21286156269954287
val: -0.21286156269954282
val: -0.21286156269954287
val: -0.21286156269954293
val: -0.21286156269954287
val: -0.2128615626995429
val: -0.21286156269954284
val: -0.21286156269954287
val: -0.21286156269954293
val: -0.21286156269954284
val: -0.21286156269954287
val: -0.21286156269954287
val: -0.21286156269954284
val: -0.21286156269954284
val: -0.21286156269954284
val: -0.2128615626995429
val: -0.21286156269954293
val: -0.21286156269954284
val: -0.2128615626995429
val: -0.21286156269954287
val: -0.21286156269954287
val: -0.2128615626995429
val: -0.2128615626995429
val: -0.21286156269954284
val: -0.21286156269954282
val: -0.21286156269954293
val: -0.21286156269954287
val: -0.21286156269954287
val: -0.2128615626995429
val: -0.21286156269954284
val: -0.21286156269954284
val: -0.21286156269954284
val: -0.21286156269954293
val: -0.2128615626995429
val: -0.21286156269954287
val: -0.21286156269954284
val: -0.21286156269954282
val: -0.21286156269954284
val: -0.2128615626995429
val: -0.21286156269954296
val: -0.21286156269954298
val: -0.21286156269954276
val: -0.2128615626995429
val: -0.21286156269954282
val: -0.21286156269954293
val: -0.21286156269954287
val: -0.21286156269954284
val: -0.2128615626995429
val: -0.21286156269954296
val: -0.21286156269954284
val: -0.21286156269954284
val: -0.2128615626995428
val: -0.21286156269954284
val: -0.21286156269954284
val: -0.21286156269954282
val: -0.21286156269954284
val: -0.21286156269954298
val: -0.21286156269954298
val: -0.21286156269954287
val: -0.21286156269954293
val: -0.21286156269954282
val: -0.21286156269954287
val: -0.21286156269954287
val: -0.21286156269954293
val: -0.21286156269954282
val: -0.21286156269954296
val: -0.21286156269954287
val: -0.21286156269954287
val: -0.21286156269954298
val: -0.21286156269954284
val: -0.2128615626995428
val: -0.21286156269954287
val: -0.21286156269954284
val: -0.21286156269954282
val: -0.21286156269954287
val: -0.21286156269954276
val: -0.21286156269954276
val: -0.21286156269954287
val: -0.21286156269954287
val: -0.21286156269954276
val: -0.2128615626995429
val: -0.21286156269954282
val: -0.2128615626995428
val: -0.21286156269954296
description: S at surface
scaling: 2993.025100070677
val: 0.8686863334151804
description: Volatile partial pressure
scaling: 1207268.722106174
val: 0.1535076792664161
val: 0.1262601521896415
val: 1.781788601152386
val: 0.2592243485127932
description: Reaction total mass
scaling: 3.249620750537262e+16
val:                0
val:                0
