description: dS/dr
scaling: 0.0004697889028520918
val:                0
val: -1.948161419319626
val: -1.527081459871471
val: -0.964619353484517
val: -0.6807845125324785
val: -0.544586419306841
val: -0.4287777782399268
val: -0.3341549581581948
val: -0.2536815037563643
val: -0.2070186012289318
val: -0.173877231996328
val: -0.1465964033271795
val: -0.1240315794074364
val: -0.1060255939265711
val: -0.0948193513219112
val: -0.08768075940868639
val: -0.08417242013333455
val: -0.08458193531197318
val: -0.08843828674274243
val: -0.09386297006685054
val: -0.09780365716144783
val: -0.1008843124757861
val: -0.1030907909196482
val: -0.1056539927884294
val: -0.1091570784009573
val: -0.1125974339612592
val: -0.115407789000041
val: -0.1179731244297576
val: -0.1206678130096452
val: -0.1228155710816336
val: -0.1247382118176532
val: -0.1266624257768129
val: -0.128398952238518
val: -0.1298549352325416
val: -0.1312688797634129
val: -0.1326420681519249
val: -0.1337517612945846
val: -0.134817639914645
val: -0.1358807286279968
val: -0.1367288643105256
val: -0.1375490565055529
val: -0.1383539287156918
val: -0.1390015385227022
val: -0.1396408736778756
val: -0.140235450511123
val: -0.140727375101925
val: -0.1412265888503155
val: -0.1416540465870773
val: -0.1420242719895839
val: -0.1424074365537452
val: -0.1427066594328938
val: -0.1429920307354546
val: -0.1432508215950542
val: -0.1434674902978365
val: -0.1436737286464402
val: -0.1438433912472544
val: -0.1439937407282303
val: -0.1441222470845907
val: -0.1442327478902495
val: -0.1443167560209224
val: -0.1443943986854404
val: -0.1444424264311605
val: -0.1444862310383319
val: -0.1445088359665457
val: -0.1445179501025746
val: -0.1445212942484891
val: -0.1444971604389587
val: -0.1444853690458407
val: -0.1444304600404509
val: -0.144406071986828
val: -0.1443236223501888
val: -0.1442841247527691
val: -0.1441854459956538
val: -0.144128862370741
val: -0.1440151643752043
val: -0.1439447897616024
val: -0.1438158390571705
val: -0.1437355880952829
val: -0.1435905312787971
val: -0.1435020952433889
val: -0.1433444059567359
val: -0.1432431066223537
val: -0.1430840315218272
val: -0.1429643801860139
val: -0.1428085273621554
val: -0.1426681326626066
val: -0.1425200698423015
val: -0.1423563938103033
val: -0.1422206371922077
val: -0.1420310527682882
val: -0.1418963879292449
val: -0.1417094717004085
val: -0.1415534791596343
val: -0.1413894689245845
val: -0.1412022123033253
val: -0.1410561146072721
val: -0.1408599789468881
val: -0.1407138892136477
val: -0.140639357799167
val:                0
description: S at surface
scaling: 2993.025100070677
val: 0.619496355301917
