description: dS/dr
scaling: 4.697889028520918e-05
val:                0
val: -1.469416817754815e-05
val: -1.467781099820341e-05
val: -1.460457146361235e-05
val: -1.450652209154259e-05
val: -1.440035269138946e-05
val: -1.428959649848437e-05
val: -1.41784794670752e-05
val: -1.40682030590003e-05
val: -1.395913946766531e-05
val: -1.385222817172567e-05
val: -1.374687954437414e-05
val: -1.364372007700383e-05
val: -1.354230568476463e-05
val: -1.344276482227606e-05
val: -1.334482156378543e-05
val: -1.324844496829552e-05
val: -1.315346915182364e-05
val: -1.305980038038165e-05
val: -1.29672945956121e-05
val: -1.287586857228859e-05
val: -1.278538624240508e-05
val: -1.269579367658683e-05
val: -1.260693510189207e-05
val: -1.251882253163606e-05
val: -1.243126450518865e-05
val: -1.234428396208908e-05
val: -1.225773078106645e-05
val: -1.217160310754953e-05
val: -1.208581031020671e-05
val: -1.200028805034958e-05
val: -1.19150140009287e-05
val: -1.182987914295111e-05
val: -1.174489483087262e-05
val: -1.165998362698031e-05
val: -1.157510011775792e-05
val: -1.149021176651365e-05
val: -1.140527429932976e-05
val: -1.132023707781269e-05
val: -1.123508068440686e-05
val: -1.114975566569364e-05
val: -1.10642202996292e-05
val: -1.097845569794044e-05
val: -1.089241834934409e-05
val: -1.080606250097634e-05
val: -1.07193708991982e-05
val: -1.063231722336828e-05
val: -1.054484616499746e-05
val: -1.045694063545594e-05
val: -1.036855713203168e-05
val: -1.027967890071992e-05
val: -1.019025654140266e-05
val: -1.010026289060159e-05
val: -1.000966591687235e-05
val: -9.91843370856459e-06
val: -9.826530529271244e-06
val: -9.733920767833601e-06
val: -9.640568476831443e-06
val: -9.546437556519244e-06
val: -9.451493394256191e-06
val: -9.355693395427026e-06
val: -9.259010642775793e-06
val: -9.161397222315479e-06
val: -9.062807936522806e-06
val: -8.963206014024798e-06
val: -8.862546461442917e-06
val: -8.760779673637004e-06
val: -8.657867321932351e-06
val: -8.553750208890708e-06
val: -8.448381519449255e-06
val: -8.341710764457442e-06
val: -8.233674731283789e-06
val: -8.124219880654793e-06
val: -8.013284132518125e-06
val: -7.900799653119499e-06
val: -7.786702259659766e-06
val: -7.670917663080496e-06
val: -7.553372669308952e-06
val: -7.433997364142686e-06
val: -7.312734884260913e-06
val: -7.189624935470928e-06
val: -7.065043402090249e-06
val: -6.940602387009722e-06
val: -6.822430727073605e-06
val: -6.732910666061006e-06
val: -6.752785122006161e-06
val: -7.178586632049713e-06
val: -9.168323061745356e-06
val: -1.755269612936958e-05
val: -5.01987976603326e-05
val: -0.0001658152995731989
val: -0.0005585381581857387
val: -0.001871442646685113
val: -0.006204289200442873
val: -0.02021642127609055
val: -0.06377604197784703
val: -0.1861064872971857
val: -0.4592594007657518
val: -0.8709249834090651
val:                0
description: S at surface
scaling: 2993.025100070677
val: 0.8654875130227558
description: Volatile partial pressure
scaling: 1207268.722106174
val: 1.526547192646206
val: 22.36425849650514
