description: dS/dr (basic nodes)
scaling: 0.0004697889028520918
val:                0
val:           -0.001
val:           -0.001
val:           -0.001
val:           -0.001
val:           -0.001
val:           -0.001
val:           -0.001
val:           -0.001
val:           -0.001
val:           -0.001
val:           -0.001
val:           -0.001
val:           -0.001
val:           -0.001
val:           -0.001
val:           -0.001
val:           -0.001
val:           -0.001
val:           -0.001
val:           -0.001
val:           -0.001
val:           -0.001
val:           -0.001
val:           -0.001
val:           -0.001
val:           -0.001
val:           -0.001
val:           -0.001
val:           -0.001
val:           -0.001
val:           -0.001
val:           -0.001
val:           -0.001
val:           -0.001
val:           -0.001
val:           -0.001
val:           -0.001
val:           -0.001
val:           -0.001
val:           -0.001
val:           -0.001
val:           -0.001
val:           -0.001
val:           -0.001
val:           -0.001
val:           -0.001
val:           -0.001
val:           -0.001
val:           -0.001
val:           -0.001
val:           -0.001
val:           -0.001
val:           -0.001
val:           -0.001
val:           -0.001
val:           -0.001
val:           -0.001
val:           -0.001
val:           -0.001
val:           -0.001
val:           -0.001
val:           -0.001
val:           -0.001
val:           -0.001
val:           -0.001
val:           -0.001
val:           -0.001
val:           -0.001
val:           -0.001
val:           -0.001
val:           -0.001
val:           -0.001
val:           -0.001
val:           -0.001
val:           -0.001
val:           -0.001
val:           -0.001
val:           -0.001
val:           -0.001
val:           -0.001
val:           -0.001
val:           -0.001
val:           -0.001
val:           -0.001
val:           -0.001
val:           -0.001
val:           -0.001
val:           -0.001
val:           -0.001
val:           -0.001
val:           -0.001
val:           -0.001
val:           -0.001
val:           -0.001
val:           -0.001
val:           -0.001
val:           -0.001
val:           -0.001
val:           -0.001
val:           -0.001
val:           -0.001
val:           -0.001
val:           -0.001
val:           -0.001
val:           -0.001
val:           -0.001
val:           -0.001
val:           -0.001
val:           -0.001
val:           -0.001
val:           -0.001
val:           -0.001
val:           -0.001
val:           -0.001
val:           -0.001
val:           -0.001
val:           -0.001
val:           -0.001
val:           -0.001
val:           -0.001
val:           -0.001
val:           -0.001
val:           -0.001
val:           -0.001
val:           -0.001
val:           -0.001
val:           -0.001
val:           -0.001
val:           -0.001
val:           -0.001
val:           -0.001
val:           -0.001
val:           -0.001
val:           -0.001
val:           -0.001
val:           -0.001
val:           -0.001
val:           -0.001
val:           -0.001
val:           -0.001
val:           -0.001
val:           -0.001
val:           -0.001
val:           -0.001
val:           -0.001
val:           -0.001
val:           -0.001
val:           -0.001
val:           -0.001
val:           -0.001
val:           -0.001
val:           -0.001
val:           -0.001
val:           -0.001
val:           -0.001
val:           -0.001
val:           -0.001
val:           -0.001
val:           -0.001
val:           -0.001
val:           -0.001
val:           -0.001
val:           -0.001
val:           -0.001
val:           -0.001
val:           -0.001
val:           -0.001
val:           -0.001
val:           -0.001
val:           -0.001
val:           -0.001
val:           -0.001
val:           -0.001
val:           -0.001
val:           -0.001
val:           -0.001
val:           -0.001
val:           -0.001
val:           -0.001
val:           -0.001
val:           -0.001
val:           -0.001
val:           -0.001
val:           -0.001
val:           -0.001
val:           -0.001
val:           -0.001
val:           -0.001
val:           -0.001
val:           -0.001
val:           -0.001
val:           -0.001
val:           -0.001
val:           -0.001
val:           -0.001
val:           -0.001
val:           -0.001
val:           -0.001
val:                0
description: S at surface
scaling: 2993.025100070677
val: 0.6348092436495549
description: Magma ocean volatile content
scaling:              100 
description: Magma ocean reaction accumulated amounts
scaling: 1.499085657717868e+21
