description: dS/dr (basic nodes)
scaling: 0.0004697889028520918
val:                0
val: -2.090045941803764
val: -2.013822586197352
val: -1.942352003666769
val: -1.875098912365858
val: -1.811636476213339
val: -1.751491553761956
val: -1.694489627084292
val: -1.640337087663758
val: -1.588761263547368
val: -1.539556558496009
val: -1.492489882486065
val: -1.447410609540495
val: -1.404131452318843
val: -1.362499825483247
val: -1.322401987209224
val: -1.283731390024568
val: -1.246373890748962
val: -1.210231908633687
val: -1.175211313274638
val: -1.141231461895065
val: -1.108212290208619
val: -1.076068260801151
val: -1.044741358394942
val: -1.014180254272249
val: -0.9843212716600357
val: -0.955125738143204
val: -0.9264946047035105
val: -0.8970639862978254
val: -0.836139785978612
val: -0.6303488616876297
val: -0.4701783277605414
val: -0.4049464064906123
val: -0.3840351641174488
val: -0.3772010248154641
val: -0.374323478441858
val: -0.3722541376254518
val: -0.3703102854346101
val: -0.3682806076879209
val: -0.3658832997786496
val: -0.3632982240669448
val: -0.3605497761287787
val: -0.3574896839305644
val: -0.3543135546850699
val: -0.350983846797102
val: -0.3474462386249472
val: -0.3438823519634989
val: -0.3401798678334786
val: -0.336373824318348
val: -0.3326189522925229
val: -0.3287248574156326
val: -0.3248625609141778
val: -0.3210103158932199
val: -0.3171205392889301
val: -0.3133321393214518
val: -0.3095111497866888
val: -0.3057704583953624
val: -0.3020867508066379
val: -0.2984321390354909
val: -0.2948963804429359
val: -0.2913742709203747
val: -0.2879723660821085
val: -0.2846148842378459
val: -0.2813456724367293
val: -0.2781518978766786
val: -0.2750269253048401
val: -0.2719957343742011
val: -0.2690115195219856
val: -0.2661256835244627
val: -0.2632799111351069
val: -0.2605299240009425
val: -0.2578126777513131
val: -0.2551733810842433
val: -0.2525671668399881
val: -0.25002973520128
val: -0.2475201690464453
val: -0.2450602766709169
val: -0.2426204901638412
val: -0.2402206105117748
val: -0.237833649842877
val: -0.2354688215757746
val: -0.2331034175617925
val: -0.2307444250605036
val: -0.2283796168169977
val: -0.2260020671102702
val: -0.2235965840313205
val: -0.2211628583655941
val: -0.218688511788267
val: -0.2161651958359169
val: -0.2135697165952314
val: -0.2109044015488131
val: -0.2081433597336207
val: -0.2052801308036697
val: -0.2022890048593295
val: -0.1991457304393152
val: -0.195839843469742
val: -0.1923247088251147
val: -0.1885817330144818
val: -0.184563132463986
val:                0
description: S at surface
scaling: 0.0004697889028520918
val: 0.3289537052450766
description: Magma ocean volatile content
scaling: 0.0004697889028520918
val: 0.182452763153638
val: 40.46900861183701
