description: dS/dxi
scaling: 4.697889028520918e-05
val: -0.21286156269954282
val: -0.10866719490669284
val: -0.043025689611921374
val: -0.024908919171666963
val: -0.016847886944675327
val: -0.012413288067467335
val: -0.009656269127993677
val: -0.007799153120500045
val: -0.006475077127580806
val: -0.0054905269287652035
val: -0.004734011757461061
val: -0.004137245338468972
val: -0.0036562983235836565
val: -0.0032617423803658124
val: -0.002933122956772736
val: -0.0026558354992539356
val: -0.0024192163601048735
val: -0.0022153109945756825
val: -0.002038058143572627
val: -0.0018827676706664222
val: -0.0017457716746675205
val: -0.001624159191572655
val: -0.001515589343058455
val: -0.0014181587670975707
val: -0.0013303076503122047
val: -0.0012507529751223454
val: -0.0011784219581920758
val: -0.0011124144429104867
val: -0.0010519678933688912
val: -0.000996437763318773
val: -0.0009452727651480813
val: -0.000897996425814887
val: -0.0008541994031785581
val: -0.0008135228269443685
val: -0.0007756586031106856
val: -0.0007403342359882023
val: -0.000707310296345444
val: -0.0006763762245264782
val: -0.0006473443444686537
val: -0.0006200497449785229
val: -0.0005943445054233199
val: -0.0005700962268450755
val: -0.0005471875870128183
val: -0.0005255104122133388
val: -0.0005049701924625091
val: -0.0004854798234458056
val: -0.00047143615871281935
val: -0.00047914507762589496
val: -0.00048712283356679403
val: -0.0004953833590243504
val: -0.0005039412881136519
val: -0.0005128128677357164
val: -0.0005220149993967714
val: -0.000531566493555681
val: -0.0005414869273945229
val: -0.0005517984709889578
val: -0.0005625242421608103
val: -0.0005736904135391795
val: -0.0005853251253166298
val: -0.0005974577571943835
val: -0.0006101219987689522
val: -0.0006233547156798899
val: -0.000637195068164829
val: -0.0006516877387542628
val: -0.0006668811019148152
val: -0.0006828284458685229
val: -0.0006995896943524103
val: -0.0007172312078088365
val: -0.0007358266971818209
val: -0.0007554595647602257
val: -0.0007762226699754712
val: -0.0007982212360129396
val: -0.0008215749543650978
val: -0.0008464194777324679
val: -0.0008729103862220455
val: -0.0009012267713318307
val: -0.0009315749473084861
val: -0.0009641959323814136
val: -0.0009993724585216546
val: -0.0010374379689531666
val: -0.0010787869380746518
val: -0.0011238959498406104
val: -0.0011733421353480199
val: -0.0012278349420737134
val: -0.0012882585777661442
val: -0.001355746972832297
val: -0.001431805707762261
val: -0.0015185607023741933
val: -0.0016193278176183823
val: -0.001739974542428313
val: -0.0018925859736070706
val: -0.0021052222752771083
val: -0.0024490045589831855
val: -0.003121970077787636
val: -0.004704911173621393
val: -0.008895497987735047
val: -0.02034570485175901
val: -0.05027638386025744
val: -0.12358126220346313
val: -42.4804741628295
description: S at surface
scaling: 2993.025100070677
val: 0.8699425221106084
