description: dS/dxi
scaling: 4.697889028520918e-05
val: 0.0
val: -0.2128615626995429
val: -0.2128615626995429
val: -0.2128615626995429
val: -0.2128615626995429
val: -0.2128615626995429
val: -0.2128615626995429
val: -0.2128615626995429
val: -0.2128615626995429
val: -0.2128615626995429
val: -0.2128615626995429
val: -0.2128615626995429
val: -0.2128615626995429
val: -0.2128615626995429
val: -0.2128615626995429
val: -0.2128615626995429
val: -0.2128615626995429
val: -0.2128615626995429
val: -0.2128615626995429
val: -0.2128615626995429
val: -0.2128615626995429
val: -0.2128615626995429
val: -0.2128615626995429
val: -0.2128615626995429
val: -0.2128615626995429
val: -0.2128615626995429
val: -0.2128615626995429
val: -0.2128615626995429
val: -0.2128615626995429
val: -0.2128615626995429
val: -0.2128615626995429
val: -0.2128615626995429
val: -0.2128615626995429
val: -0.2128615626995429
val: -0.2128615626995429
val: -0.2128615626995429
val: -0.2128615626995429
val: -0.2128615626995429
val: -0.2128615626995429
val: -0.2128615626995429
val: -0.2128615626995429
val: -0.2128615626995429
val: -0.2128615626995429
val: -0.2128615626995429
val: -0.2128615626995429
val: -0.2128615626995429
val: -0.2128615626995429
val: -0.2128615626995429
val: -0.2128615626995429
val: -0.2128615626995429
val: -0.2128615626995429
val: -0.2128615626995429
val: -0.2128615626995429
val: -0.2128615626995429
val: -0.2128615626995429
val: -0.2128615626995429
val: -0.2128615626995429
val: -0.2128615626995429
val: -0.2128615626995429
val: -0.2128615626995429
val: -0.2128615626995429
val: -0.2128615626995429
val: -0.2128615626995429
val: -0.2128615626995429
val: -0.2128615626995429
val: -0.2128615626995429
val: -0.2128615626995429
val: -0.2128615626995429
val: -0.2128615626995429
val: -0.2128615626995429
val: -0.2128615626995429
val: -0.2128615626995429
val: -0.2128615626995429
val: -0.2128615626995429
val: -0.2128615626995429
val: -0.2128615626995429
val: -0.2128615626995429
val: -0.2128615626995429
val: -0.2128615626995429
val: -0.2128615626995429
val: -0.2128615626995429
val: -0.2128615626995429
val: -0.2128615626995429
val: -0.2128615626995429
val: -0.2128615626995429
val: -0.2128615626995429
val: -0.2128615626995429
val: -0.2128615626995429
val: -0.2128615626995429
val: -0.2128615626995429
val: -0.2128615626995429
val: -0.2128615626995429
val: -0.2128615626995429
val: -0.2128615626995429
val: -0.2128615626995429
val: -0.2128615626995429
val: -0.2128615626995429
val: -0.2128615626995429
val: -0.2128615626995429
val: 0.0
description: S at surface
scaling: 2993.025100070677
val: 0.8686863334151804
description: Volatile partial pressure
scaling: 1207268.722106174
val: 0.1535091712839473
val: 0.1262602097973229
val: 1.78178944074807
val: 0.2592219941278842
description: Reaction total mass
scaling: 3.249620750537262e+16
val:                0
val:                0
