description: dS/dxi
scaling: 4.697889028520918e-05
val: 0.0
val: -3.821653363514452e-05
val: -3.837398991314995e-05
val: -3.830080853082795e-05
val: -3.811880362771173e-05
val: -3.788964836975725e-05
val: -3.76290072409112e-05
val: -3.735365439846415e-05
val: -3.706966537316931e-05
val: -3.677995992826391e-05
val: -3.648889614173838e-05
val: -3.619566455890561e-05
val: -3.590314324808475e-05
val: -3.561061932900532e-05
val: -3.531910605799538e-05
val: -3.502823399625556e-05
val: -3.473831953896312e-05
val: -3.44491929763599e-05
val: -3.416086286673139e-05
val: -3.387314149959703e-05
val: -3.35859858545949e-05
val: -3.329917033439684e-05
val: -3.301268009408482e-05
val: -3.272619476028161e-05
val: -3.243983729012207e-05
val: -3.21531644289224e-05
val: -3.186629942518562e-05
val: -3.157888971033304e-05
val: -3.129096732085371e-05
val: -3.100232202911607e-05
val: -3.071280563358452e-05
val: -3.042236971424673e-05
val: -3.013074172472054e-05
val: -2.983794515369944e-05
val: -2.954377609521627e-05
val: -2.924810796865248e-05
val: -2.895083687768703e-05
val: -2.86518310616509e-05
val: -2.835093561400279e-05
val: -2.80480671222656e-05
val: -2.774306818702584e-05
val: -2.743579424994148e-05
val: -2.712615001623092e-05
val: -2.681397888602211e-05
val: -2.649911691830858e-05
val: -2.618145780726105e-05
val: -2.586087303678787e-05
val: -2.553716036176952e-05
val: -2.521020322018473e-05
val: -2.487981332599576e-05
val: -2.454586377764193e-05
val: -2.420814389872798e-05
val: -2.386649000920537e-05
val: -2.352071580755635e-05
val: -2.31706302806756e-05
val: -2.281602565675736e-05
val: -2.245668717890418e-05
val: -2.209239761561959e-05
val: -2.172295526442733e-05
val: -2.13482834928848e-05
val: -2.096882912941224e-05
val: -2.058740237846656e-05
val: -2.021638809491047e-05
val: -1.99078955778427e-05
val: -1.987623006972273e-05
val: -2.100593093834795e-05
val: -2.724273866919122e-05
val: -5.728683926835655e-05
val: -0.0001894185267436319
val: -0.000711097099043439
val: -0.002700589589103783
val: -0.01009943307394293
val: -0.03688090870476762
val: -0.1261666479021897
val: -0.3698705232399296
val: -0.806834851061977
val: -1.268787242199426
val: -1.584864452015907
val: -1.767567369949756
val: -1.860729234362694
val: -1.911981144756354
val: -1.93321080163392
val: -1.946232449836881
val: -1.947059470286741
val: -1.949245219929348
val: -1.944304048758413
val: -1.938315417097405
val: -1.936869985464336
val: -1.930069984685394
val: -1.928200451712469
val: -1.921245206185867
val: -1.919304136309577
val: -1.912388706410373
val: -1.905527681032748
val: -1.903656402865139
val: -1.896906776802854
val: -1.895105966134801
val: -1.888477767098726
val: -1.881921783076429
val: 0.0
description: S at surface
scaling: 2993.025100070677
val: 0.8243923425743928
description: Volatile partial pressure
scaling: 1207268.722106174
val: 2.453762739763817
val: 0.1337998192796547
