description: dS/dxi
scaling: 4.697889028520918e-05
val: -0.21286156269954284
val: -0.2128615626995429
val: -0.21286156269954282
val: -0.21286156269954287
val: -0.21286156269954284
val: -0.2128615626995429
val: -0.21286156269954287
val: -0.21286156269954284
val: -0.21286156269954287
val: -0.21286156269954287
val: -0.2128615626995429
val: -0.21286156269954284
val: -0.21286156269954287
val: -0.21286156269954287
val: -0.21286156269954284
val: -0.21286156269954287
val: -0.21286156269954287
val: -0.21286156269954282
val: -0.21286156269954287
val: -0.21286156269954293
val: -0.21286156269954287
val: -0.2128615626995429
val: -0.21286156269954284
val: -0.21286156269954287
val: -0.21286156269954293
val: -0.21286156269954284
val: -0.21286156269954287
val: -0.21286156269954287
val: -0.21286156269954284
val: -0.21286156269954284
val: -0.21286156269954284
val: -0.2128615626995429
val: -0.21286156269954293
val: -0.21286156269954284
val: -0.2128615626995429
val: -0.21286156269954287
val: -0.21286156269954287
val: -0.2128615626995429
val: -0.2128615626995429
val: -0.21286156269954284
val: -0.21286156269954282
val: -0.21286156269954293
val: -0.21286156269954287
val: -0.21286156269954287
val: -0.2128615626995429
val: -0.21286156269954284
val: -0.21286156269954284
val: -0.21286156269954284
val: -0.21286156269954293
val: -0.2128615626995429
val: -0.21286156269954287
val: -0.21286156269954284
val: -0.21286156269954282
val: -0.21286156269954284
val: -0.2128615626995429
val: -0.21286156269954296
val: -0.21286156269954298
val: -0.21286156269954276
val: -0.2128615626995429
val: -0.21286156269954282
val: -0.21286156269954293
val: -0.21286156269954287
val: -0.21286156269954284
val: -0.2128615626995429
val: -0.21286156269954296
val: -0.21286156269954284
val: -0.21286156269954284
val: -0.2128615626995428
val: -0.21286156269954284
val: -0.21286156269954284
val: -0.21286156269954282
val: -0.21286156269954284
val: -0.21286156269954298
val: -0.21286156269954298
val: -0.21286156269954287
val: -0.21286156269954293
val: -0.21286156269954282
val: -0.21286156269954287
val: -0.21286156269954287
val: -0.21286156269954293
val: -0.21286156269954282
val: -0.21286156269954296
val: -0.21286156269954287
val: -0.21286156269954287
val: -0.21286156269954298
val: -0.21286156269954284
val: -0.2128615626995428
val: -0.21286156269954287
val: -0.21286156269954284
val: -0.21286156269954282
val: -0.21286156269954287
val: -0.21286156269954276
val: -0.21286156269954276
val: -0.21286156269954287
val: -0.21286156269954287
val: -0.21286156269954276
val: -0.2128615626995429
val: -0.21286156269954282
val: -0.2128615626995428
val: -0.21286156269954296
description: S at surface
scaling: 2993.025100070677
val: 0.8686863334151804
description: Volatile partial pressure
scaling: 1207268.722106174
val: 0.05335061124958198
val: 3.229026309777256
val: 0.6192395183218916
val: 6.629502096262916
description: Reaction total mass
scaling: 3.249620750537261e+17
val:                0
val:                0
