description: dS/dxi
scaling: 0.04697889028520918
val: 0.0
val: -1.43014568135919
val: -0.5860849866273525
val: -0.07413902291635036
val: -0.03336022252538112
val: -0.01943103340441204
val: -0.01288968724374131
val: -0.009260998409561511
val: -0.007033486213682659
val: -0.005558840173384576
val: -0.004526479781378097
val: -0.003776768028977669
val: -0.003212440155941599
val: -0.00277574429082508
val: -0.002430968409022447
val: -0.002153444529697077
val: -0.001925806287231463
val: -0.00173666599740248
val: -0.001578135246484858
val: -0.001443102676334325
val: -0.001326966459060206
val: -0.001226846935781596
val: -0.001139244843529831
val: -0.001062088631316169
val: -0.0009940518090038094
val: -0.0009335757969057501
val: -0.0008793384806133106
val: -0.0008306162887434954
val: -0.0007867783686105452
val: -0.0007469000306301228
val: -0.0007105164395367812
val: -0.0006774905071304957
val: -0.0006470999926717621
val: -0.0006190436248127393
val: -0.000593326700245027
val: -0.0005694769137481024
val: -0.0005472598591360453
val: -0.0005266790777731548
val: -0.0005074967117802975
val: -0.0004894902891792444
val: -0.0004726506269531617
val: -0.0004568955640809645
val: -0.0004420083545407354
val: -0.0004279650177406502
val: -0.0004147879541903209
val: -0.0004022647149978644
val: -0.0003903579710128384
val: -0.0003791602476457021
val: -0.0003684638691015874
val: -0.0003582319185554888
val: -0.0003485698765493197
val: -0.0003393092770857777
val: -0.000330412189225293
val: -0.0003219596807721592
val: -0.0003138441587504995
val: -0.0003060168165544261
val: -0.0002985394266574283
val: -0.0002913490245951432
val: -0.0002843896709165921
val: -0.0002777080803446362
val: -0.0002712736465401108
val: -0.0002650263232860168
val: -0.0002590012944123859
val: -0.0002531909175503312
val: -0.0002475334349623148
val: -0.0002420553688888853
val: -0.0002367648149449277
val: -0.0002316002088901188
val: -0.0002265817563978827
val: -0.0002217277227938747
val: -0.0002169781957341244
val: -0.0002123489458159045
val: -0.0002078641055081821
val: -0.0002034665466134961
val: -0.0001991691172202017
val: -0.000194998519216286
val: -0.0001909012357300783
val: -0.0001868883830812955
val: -0.0001829867132435154
val: -0.0001791469281646876
val: -0.0001753793431842519
val: -0.0001717088778142777
val: -0.0001680908519596454
val: -0.0001645354867713183
val: -0.0001610644878719438
val: -0.0001576380380667336
val: -0.000154266785777933
val: -0.0001509682533094502
val: -0.0001477075930066874
val: -0.0001444962396112498
val: -0.0001413468902872966
val: -0.0001382296725669798
val: -0.000135157042259471
val: -0.0001321365145776048
val: -0.000129143079320689
val: -0.0001261903236233134
val: -0.0001232804377657845
val: -0.0001203930999365958
val: -0.0001175430431658917
val: -0.0001147271755791805
val: -0.0001165404785461259
val: -0.0001233726466980261
val: -0.0001307765592179317
val: -0.0001388092160426413
val: -0.0001475732995287458
val: -0.0001571463940621795
val: -0.0001676244503408937
val: -0.0001791669302254531
val: -0.0001918970465108034
val: -0.0002059844245686047
val: -0.0002216894956961175
val: -0.0002392267750412431
val: -0.0002589151249425849
val: -0.0002811878583711568
val: -0.0003064785821655603
val: -0.0003354118587521772
val: -0.0003687956248252142
val: -0.0004075766068161184
val: -0.0004530999761508517
val: -0.0005071223258437031
val: -0.0005719570969986465
val: -0.0006509631853656623
val: -0.0007487911856774178
val: -0.0008722376175764229
val: -0.001031830219675755
val: -0.001243833078072021
val: -0.001535257594994771
val: -0.00195357294301197
val: -0.002586062912890509
val: -0.003604041075292333
val: -0.005330219048061113
val: -0.007916511523127133
val: -0.00848559447192457
val: -0.006957275025103785
val: -0.006282698479740043
val: -0.006617176263279814
val: -0.007641634779284721
val: -0.008266604499006113
val: -0.007861695632079096
val: -0.006912572634794246
val: -0.00590330136919608
val: -0.005016805880149534
val: -0.004283347140534233
val: -0.003687225805320385
val: -0.003202583631338376
val: -0.002805440490313017
val: -0.002478311687284602
val: -0.002206041055412669
val: -0.001977302457174059
val: -0.001783547420782066
val: -0.001617851048716225
val: -0.001475139950564451
val: -0.001351327272856851
val: -0.001243109611096487
val: -0.001148069086623422
val: -0.001064028645986239
val: -0.0009893287687043296
val: -0.000922684295875899
val: -0.0008628671376107977
val: -0.000809009542387816
val: -0.0007603209467641921
val: -0.0007161038995685995
val: -0.0006758834035250725
val: -0.0006390684776164232
val: -0.0006053367397168306
val: -0.0005743734473598311
val: -0.0005458287342654043
val: -0.0005194897735600748
val: -0.0004951092576003444
val: -0.0004724766410448184
val: -0.0004514682471083461
val: -0.0004318817824931086
val: -0.0004136090449885778
val: -0.0003965335464363517
val: -0.0003805270306140915
val: -0.0003655344882742455
val: -0.0003514392464008622
val: -0.0003381760231711102
val: -0.0003256905045943064
val: -0.0003138982356454176
val: -0.0003027709494742488
val: -0.000292241748519187
val: -0.000282265997892566
val: -0.0002999344817321256
val: -0.0003430931660027103
val: -0.0003957555904260221
val: -0.0004608840649491205
val: -0.000542699453227948
val: -0.000647424482133641
val: -0.0007843363771388447
val: -0.0009680704644549588
val: -0.001222482578775272
val: -0.001588764304119839
val: -0.002143254088475004
val: -0.003039694455111572
val: -0.004627964081986271
val: -0.007845433720008815
val: -0.01595399733727738
val: -0.0467255889415055
val: 0.0
description: S at surface
scaling: 2993.025100070677
val: 0.134646381679353
