description: dS/dxi
scaling: 4.697889028520918e-05
val: -0.2128615626995429
val: -1.468720004165898e-05
val: -1.466988828409089e-05
val: -1.459540412066603e-05
val: -1.449593416856968e-05
val: -1.438821989886822e-05
val: -1.427581718550609e-05
val: -1.416296863245596e-05
val: -1.405088518425185e-05
val: -1.393994590692248e-05
val: -1.383109516710374e-05
val: -1.372374685874352e-05
val: -1.361853003983958e-05
val: -1.351500255704579e-05
val: -1.341329424315598e-05
val: -1.33131302523827e-05
val: -1.321448031436286e-05
val: -1.311717897145523e-05
val: -1.302113274837571e-05
val: -1.292619764768485e-05
val: -1.28322903388269e-05
val: -1.27392745646379e-05
val: -1.264709595747614e-05
val: -1.255559846644213e-05
val: -1.246479321314778e-05
val: -1.23744884969217e-05
val: -1.228470612505186e-05
val: -1.21952954987259e-05
val: -1.21062535398025e-05
val: -1.201748878284303e-05
val: -1.192893583374022e-05
val: -1.184057103591658e-05
val: -1.175228448438195e-05
val: -1.166408582162923e-05
val: -1.157589643601259e-05
val: -1.14876694297834e-05
val: -1.139937062486524e-05
val: -1.131095412984522e-05
val: -1.122236764380561e-05
val: -1.113358975656599e-05
val: -1.104456919436725e-05
val: -1.095526225095517e-05
val: -1.086564773399656e-05
val: -1.077567997725342e-05
val: -1.068531099166959e-05
val: -1.059452084074265e-05
val: -1.05032805186729e-05
val: -1.041153222562881e-05
val: -1.031925578226066e-05
val: -1.022640476292119e-05
val: -1.013295899883926e-05
val: -1.003886593527723e-05
val: -9.944094758220625e-06
val: -9.848609646659882e-06
val: -9.75237468677759e-06
val: -9.655349979622116e-06
val: -9.55749548988459e-06
val: -9.458770594938506e-06
val: -9.359134220771014e-06
val: -9.258546446605438e-06
val: -9.156959192230585e-06
val: -9.054339359058951e-06
val: -8.950632899560033e-06
val: -8.845787988868305e-06
val: -8.739760574323933e-06
val: -8.632498052826069e-06
val: -8.52394276103645e-06
val: -8.414047403797883e-06
val: -8.302743703761998e-06
val: -8.189974678778558e-06
val: -8.07567895102332e-06
val: -7.95978190535285e-06
val: -7.842217289805796e-06
val: -7.722909473148549e-06
val: -7.601776037373538e-06
val: -7.478736717380849e-06
val: -7.353700076856662e-06
val: -7.226574368817404e-06
val: -7.097270613206147e-06
val: -6.965715753874346e-06
val: -6.831949227599087e-06
val: -6.696406763759998e-06
val: -6.561008136209027e-06
val: -6.433012538977972e-06
val: -6.339190563672332e-06
val: -6.375650222965708e-06
val: -6.898978646238479e-06
val: -9.337061853190032e-06
val: -1.95802417955971e-05
val: -5.886566529744586e-05
val: -0.0001961663016901828
val: -0.0006627237268856282
val: -0.002216769909505095
val: -0.007332433488161698
val: -0.02387367267029985
val: -0.07471574067468113
val: -0.2148066903729397
val: -0.5124664348339388
val: -0.9322567723929887
val: -1.318073580366749
description: S at surface
scaling: 2993.025100070677
val: 0.8652308823969759
description: Volatile partial pressure
scaling: 1207268.722106174
val: 1.526543107092787
val: 22.36419861227039
