description: dS/dr
scaling: 4.697889028520918e-05
val:                0
val: -3.821630546689057e-05
val: -3.837378497461685e-05
val: -3.83006195379953e-05
val: -3.811862626013588e-05
val: -3.788947977574718e-05
val: -3.762884514008832e-05
val: -3.735349702809431e-05
val: -3.706951125732819e-05
val: -3.677980779353274e-05
val: -3.648874490559839e-05
val: -3.619551323095019e-05
val: -3.590299096502258e-05
val: -3.561046528698331e-05
val: -3.531894952758804e-05
val: -3.502807429336116e-05
val: -3.473815602556594e-05
val: -3.444902504748004e-05
val: -3.416068994800189e-05
val: -3.387296304016854e-05
val: -3.358580132453796e-05
val: -3.329897921992747e-05
val: -3.301248189561282e-05
val: -3.272598898922499e-05
val: -3.243962346627734e-05
val: -3.215294207978721e-05
val: -3.186606808234338e-05
val: -3.157864890982252e-05
val: -3.129071659944383e-05
val: -3.100206092472213e-05
val: -3.071253368336594e-05
val: -3.042208645245183e-05
val: -3.013044668417007e-05
val: -2.983763786079525e-05
val: -2.954345607198536e-05
val: -2.92477747307291e-05
val: -2.895048993230343e-05
val: -2.865146990783702e-05
val: -2.835055974120603e-05
val: -2.804767600809061e-05
val: -2.774266129770809e-05
val: -2.74353710386153e-05
val: -2.712570992053969e-05
val: -2.681352132827102e-05
val: -2.649864130442171e-05
val: -2.618096352321274e-05
val: -2.586035944816133e-05
val: -2.553662681348412e-05
val: -2.520964903264086e-05
val: -2.487923779426306e-05
val: -2.454526616826365e-05
val: -2.420752344947657e-05
val: -2.38658459248144e-05
val: -2.352004725767957e-05
val: -2.316993639673419e-05
val: -2.281530553083097e-05
val: -2.245593986403471e-05
val: -2.209162213242635e-05
val: -2.172215081314683e-05
val: -2.134744938598536e-05
val: -2.096796943342037e-05
val: -2.058652468145507e-05
val: -2.021558694524874e-05
val: -1.990734927146737e-05
val: -1.987642294900751e-05
val: -2.101284628647633e-05
val: -2.726492110914312e-05
val: -5.746136482343349e-05
val: -0.0001898817061692905
val: -0.0007140932398106265
val: -0.002707575285770735
val: -0.01014261955218671
val: -0.03697564434990487
val: -0.126670524338113
val: -0.3705334582690485
val: -0.8088631015552934
val: -1.26891324448741
val: -1.586948976576451
val: -1.766458320943617
val: -1.862473491295946
val: -1.91027561071144
val: -1.934508656469121
val: -1.944203259005042
val: -1.947814512521535
val: -1.946904708696027
val: -1.944405855445479
val: -1.940727155083765
val: -1.936215215381182
val: -1.932059293880859
val: -1.926683188966249
val: -1.922437616817266
val: -1.917138595661703
val: -1.912518708003686
val: -1.907780083186561
val: -1.902635034861025
val: -1.898330903362991
val: -1.893047863945125
val: -1.8885680887498
val: -1.884028016632169
val:                0
description: S at surface
scaling: 2993.025100070677
val: 0.8243875674744882
description: Volatile partial pressure
scaling: 1207268.722106174
val: 2.453762126839978
val: 0.1337979929714827
