description: dS/dr
scaling: 0.04697889028520918
val:                0
val: -2.044310775371831
val: -0.06916165457061377
val: -0.02528670258795678
val: -0.01340959538537623
val: -0.008422913782844569
val: -0.005845416746600633
val: -0.004333178470788675
val: -0.00336749454135323
val: -0.002709696097198906
val: -0.002239464781556749
val: -0.001892121344607217
val: -0.001626948373700855
val: -0.001419313642603966
val: -0.001253770762577672
val: -0.001119395632523703
val: -0.001008346238979558
val: -0.0009154758290059599
val: -0.0008372118584527572
val: -0.0007701989634771453
val: -0.0007122907302369844
val: -0.0006622052363585077
val: -0.0006182640292314719
val: -0.0005794199735431379
val: -0.0005450698496946449
val: -0.0005144536136090133
val: -0.0004869174322666231
val: -0.0004621249809215354
val: -0.0004397800793853289
val: -0.0004194076101352105
val: -0.0004007834742008285
val: -0.0003838657717982745
val: -0.0003682699420701495
val: -0.0003538473298998281
val: -0.000340624577982818
val: -0.0003283467426101634
val: -0.0003168934737538427
val: -0.0003062826046995376
val: -0.0002963877869610094
val: -0.0002870888655436632
val: -0.0002783912516502701
val: -0.000270256041190095
val: -0.0002625615627723626
val: -0.0002553010546382309
val: -0.0002484958312497205
val: -0.0002420229907580396
val: -0.0002358652792621773
val: -0.0002300855499210752
val: -0.000224560673221913
val: -0.0002192719293877011
val: -0.0002142896835124082
val: -0.0002095125825583125
val: -0.0002049200481573729
val: -0.0002005668864147584
val: -0.0001963881531710496
val: -0.000192355386389276
val: -0.000188510982406121
val: -0.0001848171812024708
val: -0.0001812400125694613
val: -0.0001778120837417126
val: -0.0001745157328472912
val: -0.0001713134276780472
val: -0.0001682301861561119
val: -0.0001652629205075784
val: -0.0001623721075815879
val: -0.00015957698902485
val: -0.0001568847160600805
val: -0.0001542550549507521
val: -0.0001517029778791299
val: -0.0001492424582698555
val: -0.0001468335659120928
val: -0.0001444882385806668
val: -0.0001422235124704372
val: -0.0001399999967812913
val: -0.000137829353555733
val: -0.0001357316342464856
val: -0.0001336697898601386
val: -0.0001316525468518992
val: -0.0001297002302117484
val: -0.0001277780575974
val: -0.0001258942405911059
val: -0.0001240680491653976
val: -0.0001222673428271896
val: -0.0001205003587785906
val: -0.0001187842748838119
val: -0.0001170898746857082
val: -0.0001154258516525358
val: -0.0001138064992062048
val: -0.0001122057198496102
val: -0.0001106329958379921
val: -0.0001090991376164089
val: -0.0001075813023124075
val: -0.0001060900215111254
val: -0.0001046321992387595
val: -0.0001031883062892782
val: -0.0001017701101786488
val: -0.0001003803149772593
val: -9.900272979912071e-05
val: -9.76504901922322e-05
val: -9.632192318411841e-05
val: -9.693223393428895e-05
val: -9.953289326332757e-05
val: -0.0001022035019350049
val: -0.0001049360412581413
val: -0.0001077516558258693
val: -0.0001106414634365178
val: -0.0001136001158526595
val: -0.000116653539609238
val: -0.0001197858161039321
val: -0.0001229949665778865
val: -0.0001263125755847224
val: -0.0001297142449640009
val: -0.0001332059827830224
val: -0.000136814557192486
val: -0.0001405169520100648
val: -0.0001443258189872202
val: -0.0001482594910973402
val: -0.0001522992848666542
val: -0.0001564649458813355
val: -0.0001607646213114254
val: -0.0001651849910400423
val: -0.0001697542012557813
val: -0.0001744682540799657
val: -0.0001793203726804302
val: -0.0001843485997427101
val: -0.0001895346030510905
val: -0.0001948818093580151
val: -0.0002004330219576298
val: -0.000206159996744498
val: -0.0002120828002131189
val: -0.0002182295941007202
val: -0.0002245809060456262
val: -0.0002311698327916383
val: -0.000238007258718866
val: -0.000245084414748779
val: -0.0002524499158734397
val: -0.0002600944032263102
val: -0.000268023543452047
val: -0.0002763002083551354
val: -0.0002848957212894253
val: -0.0002938443614148
val: -0.000303188511719681
val: -0.0003129148572178827
val: -0.0003230796035716969
val: -0.0003337012390896468
val: -0.0003447855585384199
val: -0.0003564156060888964
val: -0.0003685821954467333
val: -0.0003813269491483939
val: -0.0003947302743774671
val: -0.0004087870181720676
val: -0.0004235795566735429
val: -0.0004391622370218398
val: -0.000455561369755782
val: -0.0004729027379403924
val: -0.0004912115836748437
val: -0.0005105698693108083
val: -0.0005311169225387069
val: -0.0005528894524196894
val: -0.0005760420385722096
val: -0.000600694649653711
val: -0.0006269464346558863
val: -0.0006550360883131824
val: -0.0006850683832907992
val: -0.0007172596506266402
val: -0.0007518830891198819
val: -0.0007891242840957008
val: -0.0008293503655895507
val: -0.0008728670522277446
val: -0.0009200330528145698
val: -0.0009714095579384439
val: -0.001027408948565019
val: -0.001088708398174083
val: -0.001155920069381199
val: -0.001229829478219687
val: -0.001311667757290885
val: -0.001402525398453567
val: -0.001503896912576932
val: -0.001617628526472543
val: -0.001745768414621862
val: -0.001891168690963244
val: -0.002057090882532267
val: -0.002247781838341875
val: -0.002468846176690631
val: -0.002727145172174753
val: -0.003032202294814756
val: -0.003396421521776368
val: -0.003836048281348078
val: -0.004374097213861302
val: -0.005045478159684647
val: -0.005900953089064405
val: -0.007017950907370709
val: -0.008518700947294598
val: -0.01060548723803946
val: -0.01366481041908707
val: -0.01842883762952004
val: -0.02656641423214431
val: -0.04238747578370233
val: -0.07800281898610779
val:                0
description: S at surface
scaling: 2993.025100070677
val: 0.1346463816793529
