description: dS/dr
scaling: 4.697889028520918e-05
val:                0
val: -3.821619086450249e-05
val: -3.837366877833929e-05
val: -3.830050237739049e-05
val: -3.81185084123373e-05
val: -3.788936133807959e-05
val: -3.762872616766304e-05
val: -3.735337752755158e-05
val: -3.706939121864096e-05
val: -3.67796871993288e-05
val: -3.648862372547227e-05
val: -3.619539143807511e-05
val: -3.590286852342475e-05
val: -3.561034216332737e-05
val: -3.531882568511582e-05
val: -3.502794969643598e-05
val: -3.473803063720458e-05
val: -3.444889883088583e-05
val: -3.416056286589593e-05
val: -3.387283505534534e-05
val: -3.358567239932765e-05
val: -3.329884931675388e-05
val: -3.301235097615518e-05
val: -3.272585701552666e-05
val: -3.243949039894496e-05
val: -3.215280788018895e-05
val: -3.186593271024916e-05
val: -3.157851232531127e-05
val: -3.129057876121637e-05
val: -3.100192179107223e-05
val: -3.071239321184599e-05
val: -3.042194459935636e-05
val: -3.013030340546552e-05
val: -2.983749311069087e-05
val: -2.954330980390043e-05
val: -2.924762689684016e-05
val: -2.89503404833175e-05
val: -2.865131879306514e-05
val: -2.835040690850374e-05
val: -2.804752140342478e-05
val: -2.77425048654014e-05
val: -2.743521272111268e-05
val: -2.712554965799628e-05
val: -2.681335905872614e-05
val: -2.649847696365436e-05
val: -2.618079704423805e-05
val: -2.586019076108548e-05
val: -2.553645584572474e-05
val: -2.520947570821761e-05
val: -2.487906203387752e-05
val: -2.454508788857406e-05
val: -2.420734256337623e-05
val: -2.386566234075464e-05
val: -2.351986087926479e-05
val: -2.316974712199856e-05
val: -2.281511325271093e-05
val: -2.245574446915923e-05
val: -2.209142350066632e-05
val: -2.172194881659622e-05
val: -2.134724388789696e-05
val: -2.09677602848594e-05
val: -2.058631171046509e-05
val: -2.021536991287496e-05
val: -1.990712770369941e-05
val: -1.987619549887167e-05
val: -2.101260882848706e-05
val: -2.726466496590618e-05
val: -5.746103653273469e-05
val: -0.0001898808614789158
val: -0.0007140902086788394
val: -0.002707563930863574
val: -0.01014257744931605
val: -0.03697549448501024
val: -0.1266700468043059
val: -0.3705323219935869
val: -0.8088615059012049
val: -1.268911930999957
val: -1.586948183482176
val: -1.766457888146902
val: -1.862473263669416
val: -1.910275494126479
val: -1.934508599186091
val: -1.944203233466362
val: -1.947814503976123
val: -1.94690470928178
val: -1.944405860937275
val: -1.940727163206585
val: -1.936215224901215
val: -1.932059304138739
val: -1.926683199587185
val: -1.922437627616903
val: -1.917138606519088
val: -1.91251871886587
val: -1.907780094022811
val: -1.902635045649921
val: -1.898330914102602
val: -1.893047874620373
val: -1.888568099368883
val: -1.884028027188003
val:                0
description: S at surface
scaling: 2993.025100070677
val: 0.8243875733964512
description: Volatile partial pressure
scaling: 1207268.722106174
val: 2.453771956303917
val: 0.1338012284497178
