description: dS/dr
scaling: 4.697889028520918e-05
val:                0
val: -3.82161596330826e-05
val: -3.837363942796763e-05
val: -3.83004753609223e-05
val: -3.81184839963264e-05
val: -3.788933969839642e-05
val: -3.762870744682594e-05
val: -3.735336184080097e-05
val: -3.706937866797731e-05
val: -3.677967787805489e-05
val: -3.648861771994938e-05
val: -3.619538883165875e-05
val: -3.59028693960503e-05
val: -3.561034659371236e-05
val: -3.531883375081339e-05
val: -3.502796147470438e-05
val: -3.473804620524547e-05
val: -3.444891826632e-05
val: -3.416058624693044e-05
val: -3.387286246111844e-05
val: -3.358570391004737e-05
val: -3.329888501391417e-05
val: -3.301239094279805e-05
val: -3.272590133617715e-05
val: -3.243953916024547e-05
val: -3.215286117035846e-05
val: -3.186599062002243e-05
val: -3.157857494735066e-05
val: -3.129064619097237e-05
val: -3.100199412644249e-05
val: -3.071247055349025e-05
val: -3.042202705109686e-05
val: -3.013039107391559e-05
val: -2.983758610623393e-05
val: -2.954340824023139e-05
val: -2.924773089142813e-05
val: -2.895045015772165e-05
val: -2.865143427304363e-05
val: -2.835052832424563e-05
val: -2.804764889005342e-05
val: -2.774263856299018e-05
val: -2.743535277509603e-05
val: -2.712569621972156e-05
val: -2.681351228553188e-05
val: -2.649863701928859e-05
val: -2.618096409957863e-05
val: -2.586036499454185e-05
val: -2.553663744336525e-05
val: -2.520966486479691e-05
val: -2.487925895312291e-05
val: -2.454529278446562e-05
val: -2.420755565964894e-05
val: -2.386588387299747e-05
val: -2.352009109534084e-05
val: -2.316998628356319e-05
val: -2.281536163495241e-05
val: -2.245600236301131e-05
val: -2.20916912138327e-05
val: -2.172222667364266e-05
val: -2.134753222547785e-05
val: -2.09680594264143e-05
val: -2.058662185689083e-05
val: -2.02156906786009e-05
val: -1.990745621100746e-05
val: -1.987651839963419e-05
val: -2.101286596519764e-05
val: -2.726455231224918e-05
val: -5.745909161186778e-05
val: -0.0001898721908075
val: -0.0007140568848548305
val: -0.002707437973896098
val: -0.01014211014302379
val: -0.0369738337004123
val: -0.1266647773736967
val: -0.3705198501411266
val: -0.8088440157537229
val: -1.268897567790315
val: -1.586939528116385
val: -1.76645316539057
val: -1.862470779549898
val: -1.910274221810127
val: -1.934507974222137
val: -1.94420295496417
val: -1.94781441103791
val: -1.946904716025575
val: -1.94440592122744
val: -1.940727252223359
val: -1.936215329170809
val: -1.932059416460771
val: -1.926683315867199
val: -1.922437745839322
val: -1.917138725378797
val: -1.912518837802795
val: -1.907780212665939
val: -1.902635163759424
val: -1.898331031676147
val: -1.89304799148779
val: -1.888568215596001
val: -1.88402814276082
val:                0
description: S at surface
scaling: 2993.025100070677
val: 0.8243876381936688
description: Volatile partial pressure
scaling: 1207268.722106174
val: 2.453775121584745
val: 0.1338022678157281
