description: dS/dr (basic nodes)
scaling: 0.0004697889028520918
val:                0
val:           -0.001
val:           -0.001
val:           -0.001
val:           -0.001
val:           -0.001
val:           -0.001
val:           -0.001
val:           -0.001
val:           -0.001
val:           -0.001
val:           -0.001
val:           -0.001
val:           -0.001
val:           -0.001
val:           -0.001
val:           -0.001
val:           -0.001
val:           -0.001
val:           -0.001
val:           -0.001
val:           -0.001
val:           -0.001
val:           -0.001
val:           -0.001
val:           -0.001
val:           -0.001
val:           -0.001
val:           -0.001
val:           -0.001
val:           -0.001
val:           -0.001
val:           -0.001
val:           -0.001
val:           -0.001
val:           -0.001
val:           -0.001
val:           -0.001
val:           -0.001
val:           -0.001
val:           -0.001
val:           -0.001
val:           -0.001
val:           -0.001
val:           -0.001
val:           -0.001
val:           -0.001
val:           -0.001
val:           -0.001
val:           -0.001
val:           -0.001
val:           -0.001
val:           -0.001
val:           -0.001
val:           -0.001
val:           -0.001
val:           -0.001
val:           -0.001
val:           -0.001
val:           -0.001
val:           -0.001
val:           -0.001
val:           -0.001
val:           -0.001
val:           -0.001
val:           -0.001
val:           -0.001
val:           -0.001
val:           -0.001
val:           -0.001
val:           -0.001
val:           -0.001
val:           -0.001
val:           -0.001
val:           -0.001
val:           -0.001
val:           -0.001
val:           -0.001
val:           -0.001
val:           -0.001
val:           -0.001
val:           -0.001
val:           -0.001
val:           -0.001
val:           -0.001
val:           -0.001
val:           -0.001
val:           -0.001
val:           -0.001
val:           -0.001
val:           -0.001
val:           -0.001
val:           -0.001
val:           -0.001
val:           -0.001
val:           -0.001
val:           -0.001
val:           -0.001
val:           -0.001
val:           -0.001
val:           -0.001
val:           -0.001
val:           -0.001
val:           -0.001
val:           -0.001
val:           -0.001
val:           -0.001
val:           -0.001
val:           -0.001
val:           -0.001
val:           -0.001
val:           -0.001
val:           -0.001
val:           -0.001
val:           -0.001
val:           -0.001
val:           -0.001
val:           -0.001
val:           -0.001
val:           -0.001
val:           -0.001
val:           -0.001
val:           -0.001
val:           -0.001
val:           -0.001
val:           -0.001
val:           -0.001
val:           -0.001
val:           -0.001
val:           -0.001
val:           -0.001
val:           -0.001
val:           -0.001
val:           -0.001
val:           -0.001
val:           -0.001
val:           -0.001
val:           -0.001
val:           -0.001
val:           -0.001
val:           -0.001
val:           -0.001
val:           -0.001
val:           -0.001
val:           -0.001
val:           -0.001
val:           -0.001
val:           -0.001
val:           -0.001
val:           -0.001
val:           -0.001
val:           -0.001
val:           -0.001
val:           -0.001
val:           -0.001
val:           -0.001
val:           -0.001
val:           -0.001
val:           -0.001
val:           -0.001
val:           -0.001
val:           -0.001
val:           -0.001
val:           -0.001
val:           -0.001
val:           -0.001
val:           -0.001
val:           -0.001
val:           -0.001
val:           -0.001
val:           -0.001
val:           -0.001
val:           -0.001
val:           -0.001
val:           -0.001
val:           -0.001
val:           -0.001
val:           -0.001
val:           -0.001
val:           -0.001
val:           -0.001
val:           -0.001
val:           -0.001
val:           -0.001
val:           -0.001
val:           -0.001
val:           -0.001
val:           -0.001
val:           -0.001
val:           -0.001
val:           -0.001
val:           -0.001
val:           -0.001
val:           -0.001
val:           -0.001
val:           -0.001
val:           -0.001
val:           -0.001
val:           -0.001
val:                0
description: S at surface
scaling: 0.0004697889028520918
val: 0.3675211410602686
description: Magma ocean volatile content
scaling: 0.0004697889028520918
val:                0
val:                0
