description: dS/dxi
scaling: 4.697889028520918e-05
val: 0.0
val: -0.2128615626996608
val: -0.2128615626994166
val: -0.2128615626996608
val: -0.2128615626994166
val: -0.2128615626996608
val: -0.2128615626994166
val: -0.2128615626996673
val: -0.2128615626994166
val: -0.2128615626996608
val: -0.2128615626994231
val: -0.2128615626996608
val: -0.2128615626994166
val: -0.2128615626996608
val: -0.2128615626994166
val: -0.2128615626996608
val: -0.2128615626994166
val: -0.2128615626996673
val: -0.2128615626994166
val: -0.2128615626996673
val: -0.2128615626994166
val: -0.2128615626996608
val: -0.2128615626994166
val: -0.2128615626996608
val: -0.2128615626994166
val: -0.2128615626996608
val: -0.2128615626994231
val: -0.2128615626996608
val: -0.2128615626994166
val: -0.2128615626996673
val: -0.2128615626994166
val: -0.2128615626996608
val: -0.2128615626994166
val: -0.2128615626996608
val: -0.2128615626994166
val: -0.2128615626996673
val: -0.2128615626994166
val: -0.2128615626996608
val: -0.2128615626994166
val: -0.2128615626996673
val: -0.2128615626994166
val: -0.2128615626996608
val: -0.2128615626994166
val: -0.2128615626996608
val: -0.2128615626996608
val: -0.2128615626994231
val: -0.2128615626996608
val: -0.2128615626994166
val: -0.2128615626996673
val: -0.2128615626994166
val: -0.2128615626996608
val: -0.2128615626994166
val: -0.2128615626996608
val: -0.2128615626994166
val: -0.2128615626996673
val: -0.2128615626994166
val: -0.2128615626996608
val: -0.2128615626994166
val: -0.2128615626996673
val: -0.2128615626994166
val: -0.2128615626996608
val: -0.2128615626994166
val: -0.2128615626996608
val: -0.2128615626994166
val: -0.2128615626996673
val: -0.2128615626994166
val: -0.2128615626996608
val: -0.2128615626994231
val: -0.2128615626996608
val: -0.2128615626994166
val: -0.2128615626996608
val: -0.2128615626994166
val: -0.2128615626996608
val: -0.2128615626994231
val: -0.2128615626996608
val: -0.2128615626994166
val: -0.2128615626996608
val: -0.2128615626994231
val: -0.2128615626996608
val: -0.2128615626994166
val: -0.2128615626996608
val: -0.2128615626994166
val: -0.2128615626996673
val: -0.2128615626994166
val: -0.2128615626996608
val: -0.2128615626994166
val: -0.2128615626996641
val: -0.2128615626994166
val: -0.2128615626996641
val: -0.2128615626994166
val: -0.2128615626996641
val: -0.2128615626994166
val: -0.2128615626996641
val: -0.2128615626996608
val: -0.2128615626994166
val: -0.2128615626996641
val: -0.2128615626994166
val: -0.2128615626996641
val: -0.2128615626994166
val: 0.0
description: S at surface
scaling: 2993.025100070677
val: 0.7016312692968765
