description: dS/dxi
scaling: 4.697889028520918e-05
val: -0.2128615626995429
val: -0.2128615626995429
val: -0.2128615626995429
val: -0.2128615626995429
val: -0.2128615626995429
val: -0.2128615626995429
val: -0.2128615626995429
val: -0.2128615626995429
val: -0.2128615626995429
val: -0.2128615626995429
val: -0.2128615626995429
val: -0.2128615626995429
val: -0.2128615626995429
val: -0.2128615626995429
val: -0.2128615626995429
val: -0.2128615626995429
val: -0.2128615626995429
val: -0.2128615626995429
val: -0.2128615626995429
val: -0.2128615626995429
val: -0.2128615626995429
val: -0.2128615626995429
val: -0.2128615626995429
val: -0.2128615626995429
val: -0.2128615626995429
val: -0.2128615626995429
val: -0.2128615626995429
val: -0.2128615626995429
val: -0.2128615626995429
val: -0.2128615626995429
val: -0.2128615626995429
val: -0.2128615626995429
val: -0.2128615626995429
val: -0.2128615626995429
val: -0.2128615626995429
val: -0.2128615626995429
val: -0.2128615626995429
val: -0.2128615626995429
val: -0.2128615626995429
val: -0.2128615626995429
val: -0.2128615626995429
val: -0.2128615626995429
val: -0.2128615626995429
val: -0.2128615626995429
val: -0.2128615626995429
val: -0.2128615626995429
val: -0.2128615626995429
val: -0.2128615626995429
val: -0.2128615626995429
val: -0.2128615626995429
val: -0.2128615626995429
val: -0.2128615626995429
val: -0.2128615626995429
val: -0.2128615626995429
val: -0.2128615626995429
val: -0.2128615626995429
val: -0.2128615626995429
val: -0.2128615626995429
val: -0.2128615626995429
val: -0.2128615626995429
val: -0.2128615626995429
val: -0.2128615626995429
val: -0.2128615626995429
val: -0.2128615626995429
val: -0.2128615626995429
val: -0.2128615626995429
val: -0.2128615626995429
val: -0.2128615626995429
val: -0.2128615626995429
val: -0.2128615626995429
val: -0.2128615626995429
val: -0.2128615626995429
val: -0.2128615626995429
val: -0.2128615626995429
val: -0.2128615626995429
val: -0.2128615626995429
val: -0.2128615626995429
val: -0.2128615626995429
val: -0.2128615626995429
val: -0.2128615626995429
val: -0.2128615626995429
val: -0.2128615626995429
val: -0.2128615626995429
val: -0.2128615626995429
val: -0.2128615626995429
val: -0.2128615626995429
val: -0.2128615626995429
val: -0.2128615626995429
val: -0.2128615626995429
val: -0.2128615626995429
val: -0.2128615626995429
val: -0.2128615626995429
val: -0.2128615626995429
val: -0.2128615626995429
val: -0.2128615626995429
val: -0.2128615626995429
val: -0.2128615626995429
val: -0.2128615626995429
val: -0.2128615626995429
val: -0.2128615626995429
description: S at surface
scaling: 2993.025100070677
val: 0.8686863334151804
description: Volatile partial pressure
scaling: 1207268.722106174
val: 2.45064103960415
val: 0.1327659177247577
