description: dS/dr
scaling: 4.697889028520918e-05
val:                0
val: -3.823433298607799e-05
val: -3.839197987597055e-05
val: -3.831883980770896e-05
val: -3.813680225826601e-05
val: -3.790757833259318e-05
val: -3.764684310212241e-05
val: -3.737138159537723e-05
val: -3.708727375715944e-05
val: -3.679744177544483e-05
val: -3.650624682047203e-05
val: -3.621287946956577e-05
val: -3.592021983726215e-05
val: -3.562755496932146e-05
val: -3.533589898449014e-05
val: -3.504488247766261e-05
val: -3.475482222381488e-05
val: -3.446554859074576e-05
val: -3.417707029103841e-05
val: -3.388919964003699e-05
val: -3.36018937023278e-05
val: -3.331492685471266e-05
val: -3.302828432237589e-05
val: -3.274164563634494e-05
val: -3.245513386877492e-05
val: -3.216830559413391e-05
val: -3.188128415929108e-05
val: -3.159371685735955e-05
val: -3.130563576515896e-05
val: -3.101683057558383e-05
val: -3.072715303274093e-05
val: -3.043655470351426e-05
val: -3.014476292399067e-05
val: -2.985180119450367e-05
val: -2.955746551550432e-05
val: -2.926162924608815e-05
val: -2.896418843345549e-05
val: -2.866501124942234e-05
val: -2.836394270452941e-05
val: -2.806089933188237e-05
val: -2.77557236447828e-05
val: -2.744827099926524e-05
val: -2.713844603264324e-05
val: -2.682609204918194e-05
val: -2.65110450074979e-05
val: -2.619319851935338e-05
val: -2.587242397636696e-05
val: -2.554851900601256e-05
val: -2.522136695229702e-05
val: -2.489077939827733e-05
val: -2.455662933653732e-05
val: -2.421870594361016e-05
val: -2.387684540915419e-05
val: -2.353086128486134e-05
val: -2.318056240483442e-05
val: -2.282574083792192e-05
val: -2.246618168762965e-05
val: -2.210166769874433e-05
val: -2.173199768184565e-05
val: -2.135709789746059e-05
val: -2.097742808867752e-05
val: -2.059585362121171e-05
val: -2.022498762173821e-05
val: -1.991788042745175e-05
val: -1.98927076068974e-05
val: -2.105041745282464e-05
val: -2.741511321180704e-05
val: -5.805695359082718e-05
val: -0.0001926144735193335
val: -0.0007234849681109439
val: -0.00274759803756352
val: -0.01027361144571379
val: -0.03750112670991088
val: -0.1281323713033627
val: -0.3745309592590153
val: -0.8133514997574133
val: -1.274144492013243
val: -1.588087069965991
val: -1.769328569579517
val: -1.861654008996836
val: -1.912455527137706
val: -1.93344349415146
val: -1.946336231339277
val: -1.947094071409054
val: -1.949242608191025
val: -1.94428155005425
val: -1.938282296501328
val: -1.936831047705736
val: -1.930028164049021
val: -1.928156997214972
val: -1.921201151867903
val: -1.919259692439838
val: -1.91234433953782
val: -1.905483517821554
val: -1.903612293056919
val: -1.896862974576363
val: -1.895062275639116
val: -1.888434407960471
val: -1.881878754737985
val:                0
description: S at surface
scaling: 2993.025100070677
val: 0.8243681717747924
description: Volatile partial pressure
scaling: 1207268.722106174
val: 2.451986004971558
val: 0.1335616498999561
