description: dS/dr
scaling: 4.697889028520918e-05
val:                0
val: -19.48264498945096
val: -15.27203777608752
val: -9.647316122931423
val: -6.808652182458044
val: -5.446301603865144
val: -4.287956410999858
val: -3.341556278124483
val: -2.536711294615647
val: -2.070055510927054
val: -1.73864227237716
val: -1.465838583707705
val: -1.240197748493596
val: -1.060146821763298
val: -0.9480915253861385
val: -0.8767107606512649
val: -0.8416297521159721
val: -0.8457228874566448
val: -0.884279970596678
val: -0.9385177407547611
val: -0.9779167581892726
val: -1.008715573539183
val: -1.030774229569347
val: -1.05640248273353
val: -1.091432637900996
val: -1.125836256396705
val: -1.153940054439545
val: -1.179593799279891
val: -1.206541302394793
val: -1.228019544729856
val: -1.247246683790941
val: -1.266489715211795
val: -1.283855932672509
val: -1.298416674851795
val: -1.312557130052225
val: -1.326290132675914
val: -1.337388073275104
val: -1.348047936727625
val: -1.358680025934291
val: -1.367162429273835
val: -1.375365464072113
val: -1.38341539825508
val: -1.389892544670303
val: -1.396287038785323
val: -1.402233974626406
val: -1.407154248987343
val: -1.412147561633077
val: -1.41642322138845
val: -1.420126473182085
val: -1.423959329534451
val: -1.426952527760083
val: -1.429807292406252
val: -1.43239627300925
val: -1.434563886218984
val: -1.436627384626516
val: -1.438324926678376
val: -1.439829404845814
val: -1.441115450927868
val: -1.442221327487124
val: -1.443062440634921
val: -1.443839686608283
val: -1.444320930188967
val: -1.444759814957342
val: -1.444986742383292
val: -1.445078746597006
val: -1.445112991718815
val: -1.444872528553454
val: -1.444755356198625
val: -1.444207142529314
val: -1.443963952690258
val: -1.443140324762626
val: -1.442746011554475
val: -1.441760050798694
val: -1.441194864309156
val: -1.440058676309208
val: -1.439355560894367
val: -1.438066819381276
val: -1.437264915056228
val: -1.435815093585838
val: -1.43493131320291
val: -1.433355143669106
val: -1.432342719407446
val: -1.430752647341635
val: -1.429556706073311
val: -1.427998808762886
val: -1.426595441778385
val: -1.425115393313495
val: -1.423479225343371
val: -1.422122184902222
val: -1.420226949264801
val: -1.418880797070524
val: -1.417012209120872
val: -1.415452791171616
val: -1.413813198328343
val: -1.411941165835178
val: -1.410480644874822
val: -1.408519807746761
val: -1.407059329651773
val: -1.406314236249706
val:                0
description: S at surface
scaling: 2993.025100070677
val: 0.6194756085722107
