description: dS/dr
scaling: 4.697889028520918e-05
val:                0
val: -0.0001614650772675168
val: -0.0001628970264967868
val: -0.0001630721349790496
val: -0.0001626181460080921
val: -0.0001618578533653753
val: -0.0001608807240070865
val: -0.0001597802429831481
val: -0.0001585941776539501
val: -0.0001573432071878603
val: -0.0001560540547788404
val: -0.0001547267319565289
val: -0.0001533789541693957
val: -0.0001520099211772013
val: -0.0001506270292985339
val: -0.0001492304522302055
val: -0.0001478233957048452
val: -0.0001464064372760523
val: -0.000144980820261152
val: -0.0001435466733051079
val: -0.0001421046410167941
val: -0.0001406544050002034
val: -0.0001391964810872772
val: -0.0001377299430136032
val: -0.0001362557020827262
val: -0.0001347721741192558
val: -0.0001332801166848751
val: -0.0001317782335656465
val: -0.0001302667741469518
val: -0.0001287449472048585
val: -0.000127212178370406
val: -0.0001256682561800252
val: -0.0001241121091052739
val: -0.0001225440057549144
val: -0.0001209643974457448
val: -0.0001193793440424784
val: -0.000117820308972809
val: -0.0001164388669756489
val: -0.0001159509440164393
val: -0.0001197432686000521
val: -0.000144660465560627
val: -0.0002837103572510739
val: -0.001008490968130398
val: -0.004346472225328982
val: -0.01886948283661561
val: -0.07824353064721221
val: -0.2815935997969473
val: -0.7329425625036494
val: -1.257132871915894
val: -1.609928727777559
val: -1.796939839918838
val: -1.888921808768612
val: -1.932832520703933
val: -1.953476453713565
val: -1.961517937359598
val: -1.964432974422782
val: -1.963984725911419
val: -1.961907141052648
val: -1.95949633272089
val: -1.955668019267284
val: -1.952632894864322
val: -1.948494341578813
val: -1.9448888875428
val: -1.940855251535545
val: -1.936749180494315
val: -1.932867858710003
val: -1.928360811026628
val: -1.924626139243255
val: -1.919801598746509
val: -1.916187799659453
val: -1.911125790326481
val: -1.907496692234335
val: -1.90247525457985
val: -1.898738561431073
val: -1.893736776646185
val: -1.889954879497704
val: -1.884929371450867
val: -1.881172558712021
val: -1.876077638044152
val: -1.872362236606165
val: -1.867254638587311
val: -1.863463392481933
val: -1.858558073865773
val: -1.854568053417359
val: -1.849928535151214
val: -1.845691519606897
val: -1.841378546768504
val: -1.836847044209656
val: -1.832918664239702
val: -1.828046093854684
val: -1.824268942331521
val: -1.819584738198899
val: -1.81553084711216
val: -1.811378149019688
val: -1.806858935952928
val: -1.803098095388985
val: -1.798447100148755
val: -1.794518355706197
val: -1.790530268788212
val:                0
description: S at surface
scaling: 2993.025100070677
val: 0.7735145820306798
description: Volatile partial pressure
scaling: 1207268.722106174
val: 0.1625579896139909
val: 0.1310563451303415
val: 1.737643049864012
val: 0.3067474858266011
description: Reaction total mass
scaling: 3.249620750537261e+17
val: -4.204050317791003
val: 20.71705115543174
