description: dS/dr
scaling: 0.0004697889028520918
val:                0
val: -0.012521497743282
val: -0.004975785321785504
val: -0.002887353903493958
val: -0.001955893307569555
val: -0.001442628832879969
val: -0.001122874436306609
val: -0.0009072051025584964
val: -0.0007532794919721581
val: -0.0006386812351420808
val: -0.0005505583110585054
val: -0.0004809786763576081
val: -0.0004248781845793206
val: -0.0003788242535229892
val: -0.0003404517027107927
val: -0.0003080608506981872
val: -0.0002804140469964494
val: -0.000256583477781215
val: -0.0002358645294348976
val: -0.0002177112657856939
val: -0.0002016963749401622
val: -0.000187479406252743
val: -0.0001747878657846615
val: -0.0001633989821258363
val: -0.0001531322163323568
val: -0.0001438357584693165
val: -0.0001353854982447591
val: -0.0001276753110251751
val: -0.0001206169974712333
val: -0.000114134643686243
val: -0.0001081635406443606
val: -0.0001026483827250118
val: -9.754062793947719e-05
val: -9.279907140026121e-05
val: -8.838707529061194e-05
val: -8.427278161872697e-05
val: -8.042825472791112e-05
val: -7.682875909878293e-05
val: -7.345233909933044e-05
val: -7.027967675904367e-05
val: -6.729337031173903e-05
val: -6.447790470069327e-05
val: -6.181949457893457e-05
val: -5.930561305776414e-05
val: -5.692496047612896e-05
val: -5.4667466686566e-05
val: -5.252396885232606e-05
val: -5.048601117017216e-05
val: -4.854608049685098e-05
val: -4.669720509387822e-05
val: -4.615994827255286e-05
val: -4.688905635416305e-05
val: -4.764481967188229e-05
val: -4.84287001609693e-05
val: -4.924228034689408e-05
val: -5.008725360622664e-05
val: -5.09654559273294e-05
val: -5.187888029696875e-05
val: -5.282968988386844e-05
val: -5.382025332403283e-05
val: -5.485311097190662e-05
val: -5.59311370434439e-05
val: -5.705735535435349e-05
val: -5.823510534295762e-05
val: -5.946812384493445e-05
val: -6.076048054641173e-05
val: -6.211665144779999e-05
val: -6.354169046958531e-05
val: -6.504107112389806e-05
val: -6.662100670807788e-05
val: -6.828844258704429e-05
val: -7.005111769342282e-05
val: -7.191798321730196e-05
val: -7.389960779802725e-05
val: -7.600985265046641e-05
val: -7.827170454372662e-05
val: -8.073770036290851e-05
val: -8.356520922747689e-05
val: -8.72883711557164e-05
val: -9.382786371205207e-05
val: -0.0001103920101713686
val: -0.0001663172609034956
val: -0.0003823293790740164
val: -0.001186013269139474
val: -0.003941167369177531
val: -0.01256975216620856
val: -0.03495351006700674
val: -0.07502928092343357
val: -0.1192108630033978
val: -0.1516535406864212
val: -0.1711170362188173
val: -0.1818084829088306
val: -0.1875431924706747
val: -0.1904819895975844
val: -0.1918434280524555
val: -0.192447529238101
val: -0.1924868603261951
val: -0.1923613801642196
val: -0.1921581873980153
val:                0
description: S at surface
scaling: 2993.025100070677
val: 0.8461484431472097
