description: dS/dr
scaling: 4.697889028520918e-05
val:                0
val: -5.213816757073101e-05
val: -5.209854763851998e-05
val: -5.184464029550536e-05
val: -5.149602447035462e-05
val: -5.111461819517337e-05
val: -5.071392814774684e-05
val: -5.030978102922011e-05
val: -4.990686282233155e-05
val: -4.950677328325412e-05
val: -4.911310857967783e-05
val: -4.872388081173181e-05
val: -4.834147901543486e-05
val: -4.796438828752404e-05
val: -4.759315302072938e-05
val: -4.722683949842715e-05
val: -4.686538795763777e-05
val: -4.650824155484822e-05
val: -4.615509792219121e-05
val: -4.58054668869799e-05
val: -4.545907197251701e-05
val: -4.511544304151522e-05
val: -4.477440012740471e-05
val: -4.443539747810961e-05
val: -4.409848272534065e-05
val: -4.376298005603204e-05
val: -4.34289712797299e-05
val: -4.309592401268904e-05
val: -4.276382823934321e-05
val: -4.243235944494975e-05
val: -4.210128446831831e-05
val: -4.177051668966171e-05
val: -4.14396642052663e-05
val: -4.110875586695373e-05
val: -4.077750874823356e-05
val: -4.044575099182917e-05
val: -4.011335443212734e-05
val: -3.97801494746554e-05
val: -3.944594298801179e-05
val: -3.911064954984249e-05
val: -3.877407854621089e-05
val: -3.843606500841695e-05
val: -3.809652190527518e-05
val: -3.775527598996672e-05
val: -3.741214535995687e-05
val: -3.706704467954175e-05
val: -3.67198565271698e-05
val: -3.637036199787743e-05
val: -3.6018472543444e-05
val: -3.566400661576357e-05
val: -3.530687357799126e-05
val: -3.494686873213918e-05
val: -3.458386197911564e-05
val: -3.421770399768251e-05
val: -3.384824402137107e-05
val: -3.347531596433664e-05
val: -3.309875161532559e-05
val: -3.27183791274203e-05
val: -3.233402272558982e-05
val: -3.194550880795541e-05
val: -3.155263334661858e-05
val: -3.115524149521138e-05
val: -3.075310353717714e-05
val: -3.034599445837448e-05
val: -2.993371290865165e-05
val: -2.951602434240624e-05
val: -2.909267311010306e-05
val: -2.866343470173444e-05
val: -2.822800820678066e-05
val: -2.778612591158664e-05
val: -2.733749919284116e-05
val: -2.688178792595756e-05
val: -2.64186729171204e-05
val: -2.594779499027413e-05
val: -2.546876299150613e-05
val: -2.4981183472012e-05
val: -2.448461788503125e-05
val: -2.397862962909996e-05
val: -2.346283970398433e-05
val: -2.293714108745826e-05
val: -2.240266424027797e-05
val: -2.186501998936793e-05
val: -2.134639002710635e-05
val: -2.092800541498358e-05
val: -2.090758073643275e-05
val: -2.237901027461715e-05
val: -2.970328544730221e-05
val: -6.114005612440521e-05
val: -0.0001822044312968876
val: -0.0006088099763000376
val: -0.002052465292482976
val: -0.006878639517016304
val: -0.02258781815660233
val: -0.07155723203195806
val: -0.2084604669748843
val: -0.504335570462193
val: -0.9294935564412975
val: -1.317691659092486
val: -1.578357316064334
val:                0
description: S at surface
scaling: 2993.025100070677
val: 0.861695595718061
description: Volatile partial pressure
scaling: 1207268.722106174
val: 0.05347552672114164
val: 3.199244033927455
val: 0.6168908624934347
val: 6.626689769672534
description: Reaction total mass
scaling: 3.249620750537261e+17
val: -0.291333372719192
val: 7.562197824666406
