description: dS/dr (basic nodes)
scaling: 0.0004697889028520918
val:                0
val: -0.03113052058185595
val: -0.01242414658254165
val: -0.007252591584163371
val: -0.004943929835876311
val: -0.003668422767023934
val: -0.002871519102353702
val: -0.002332243439794877
val: -0.001946342710018447
val: -0.001658318053499864
val: -0.001436224707744835
val: -0.001260440937853717
val: -0.001118286376002376
val: -0.001001351217691863
val: -0.0009037143253572247
val: -0.0008211420248386517
val: -0.000750525292723288
val: -0.0006895312774265335
val: -0.0006364188457318762
val: -0.0005898163474352154
val: -0.0005486469164338676
val: -0.0005120473437303727
val: -0.0004793297828491501
val: -0.0004499407720795922
val: -0.0004234197606927462
val: -0.0003993865074453314
val: -0.0003775157343032013
val: -0.0003575470988401232
val: -0.0003392549397480525
val: -0.0003224466570610938
val: -0.0003069551264650574
val: -0.0002926389998621647
val: -0.0002793775364914132
val: -0.0002670642953379892
val: -0.0002556048716782053
val: -0.0002449169883592578
val: -0.0002349304995187606
val: -0.0002255822279319921
val: -0.0002168153357770844
val: -0.0002085789650631242
val: -0.0002008299714351777
val: -0.0001935286097323499
val: -0.0001866386901379967
val: -0.000180127509437824
val: -0.00017396707889819
val: -0.000168131265445496
val: -0.0001625957943473037
val: -0.0001573392839843854
val: -0.0001523426131653517
val: -0.0001475878228109539
val: -0.0001430583034594544
val: -0.0001387392767710672
val: -0.0001346174210014863
val: -0.0001306802174674423
val: -0.0001269154818647812
val: -0.00012331328343892
val: -0.0001198637978583014
val: -0.0001165576944840188
val: -0.000113386706352198
val: -0.000110343255313227
val: -0.0001074201707846614
val: -0.000104610423477498
val: -0.0001019081820140117
val: -9.930768601722359e-05
val: -9.680327802473777e-05
val: -9.439012469556865e-05
val: -9.206365019397515e-05
val: -8.981937518958016e-05
val: -8.765303737893951e-05
val: -8.556103010638656e-05
val: -8.353974421734761e-05
val: -8.158555552640553e-05
val: -7.96955262590961e-05
val: -7.786669285970321e-05
val: -7.60960076559545e-05
val: -7.43810216214866e-05
val: -7.271925068233071e-05
val: -7.110820482346578e-05
val: -6.954575768716171e-05
val: -6.802984232104298e-05
val: -6.65583567525662e-05
val: -6.512951752701715e-05
val: -6.374155845697561e-05
val: -6.239268626184499e-05
val: -6.108141727058067e-05
val: -5.98062129033926e-05
val: -5.856555747454511e-05
val: -5.735818370183811e-05
val: -5.61827405401008e-05
val: -5.503796934634238e-05
val: -5.392276596747453e-05
val: -5.283600973513745e-05
val: -5.177655183130462e-05
val: -5.074343379384151e-05
val: -4.973564955621606e-05
val: -4.875231063454083e-05
val: -4.779255687040305e-05
val: -4.685545589705153e-05
val: -4.59402627158041e-05
val: -4.504620669920583e-05
val: -4.476844205117208e-05
val: -4.509560526832026e-05
val: -4.542816623956446e-05
val: -4.576628344735808e-05
val: -4.611011136791844e-05
val: -4.645974416054466e-05
val: -4.681534752310555e-05
val: -4.717706110048546e-05
val: -4.754503946534558e-05
val: -4.791946854065962e-05
val: -4.830045894867504e-05
val: -4.868821730139697e-05
val: -4.908290922311071e-05
val: -4.948471467204033e-05
val: -4.989384395954716e-05
val: -5.031043648614949e-05
val: -5.073474939177034e-05
val: -5.116697049468848e-05
val: -5.160731712890077e-05
val: -5.205600660689682e-05
val: -5.251327275060224e-05
val: -5.297938688155032e-05
val: -5.345457278522305e-05
val: -5.393912568320158e-05
val: -5.443329422180598e-05
val: -5.493732837691893e-05
val: -5.5451554584916e-05
val: -5.597626800124081e-05
val: -5.651181361069597e-05
val: -5.705850566017126e-05
val: -5.761667109296645e-05
val: -5.818666702580915e-05
val: -5.876890697884893e-05
val: -5.936379850394886e-05
val: -5.997180302349127e-05
val: -6.059346472497725e-05
val: -6.122940256005492e-05
val: -6.188056898574864e-05
val: -6.254831996751755e-05
val: -6.323495372687524e-05
val: -6.394446262605331e-05
val: -6.468424468031698e-05
val: -6.546815713058168e-05
val: -6.632270448831155e-05
val: -6.729915626470863e-05
val: -6.849637703976997e-05
val: -7.010569899345171e-05
val: -7.249935996659802e-05
val: -7.642078959644308e-05
val: -8.336094045194074e-05
val: -9.64049557457585e-05
val: -0.0001220332740035771
val: -0.0001738868756846778
val: -0.0002786378183640759
val: -0.0004856665406919634
val: -0.0008841462541286997
val: -0.001638290018420705
val: -0.003040467944588494
val: -0.005596977399318963
val: -0.01012125114967209
val: -0.01778925549832397
val: -0.0298839423130413
val: -0.04710254733095034
val: -0.0686254805906569
val: -0.09207635808893876
val: -0.114561263094377
val: -0.1340192124529895
val: -0.1495661009862957
val: -0.1615525686582848
val: -0.1706307204997419
val: -0.1773546003526655
val: -0.1822763851506324
val: -0.1857414693049699
val: -0.1883410898389891
val: -0.1902025307078412
val: -0.1915189002638039
val: -0.1923439668814809
val: -0.1929107340534271
val: -0.1933128168718715
val: -0.1935528476537
val: -0.1936668072390017
val: -0.1935662442899666
val: -0.1935346246393971
val: -0.193454394482475
val: -0.1933381717609433
val: -0.1931494074901871
val: -0.1928994744488662
val: -0.1927236636530191
val: -0.1925370070632153
val: -0.1923424148306086
val: -0.1920784682706239
val: -0.1918112018685016
val: -0.1916057420638776
val: -0.1913991225185422
val: -0.191193099417119
val: -0.1909299290994721
val: -0.1906802036970591
val: -0.1905331500339106
val: -0.1906697632624196
val:                0
description: S at surface
scaling: 2993.025100070677
val: 0.8357038215572162
description: Magma ocean volatile content
scaling: 100
val:                0
val:                0
description: Magma ocean reaction accumulated amounts
scaling: 1.499085657717868e+21
