description: dS/dr
scaling: 4.697889028520918e-05
val:                0
val: -3.823425791624271e-05
val: -3.839190380614828e-05
val: -3.831876261217139e-05
val: -3.81367238049761e-05
val: -3.790749848140757e-05
val: -3.764676172753478e-05
val: -3.73712985765005e-05
val: -3.708718898161294e-05
val: -3.679735513943242e-05
val: -3.650615822350524e-05
val: -3.621278881921926e-05
val: -3.592012704233311e-05
val: -3.562745994363673e-05
val: -3.533580164343578e-05
val: -3.504478273953399e-05
val: -3.4754720008037e-05
val: -3.446544381810425e-05
val: -3.417696288301904e-05
val: -3.388908951875129e-05
val: -3.36017807899264e-05
val: -3.331481107347181e-05
val: -3.302816559391623e-05
val: -3.274152388227291e-05
val: -3.245500900903423e-05
val: -3.216817754874939e-05
val: -3.188115284613764e-05
val: -3.15935821937874e-05
val: -3.130549766624783e-05
val: -3.101668895501038e-05
val: -3.072700780230578e-05
val: -3.043640577251327e-05
val: -3.014461020012304e-05
val: -2.98516445821699e-05
val: -2.955730491682219e-05
val: -2.926146456025337e-05
val: -2.896401955637666e-05
val: -2.866483807371076e-05
val: -2.836376511934635e-05
val: -2.806071722224453e-05
val: -2.775553689178397e-05
val: -2.744807947968556e-05
val: -2.713824961825499e-05
val: -2.682589060688898e-05
val: -2.651083839901311e-05
val: -2.619298660031933e-05
val: -2.587220659612283e-05
val: -2.554829600769383e-05
val: -2.52211381716032e-05
val: -2.489054466349446e-05
val: -2.4556388467434e-05
val: -2.421845875133212e-05
val: -2.38765916952577e-05
val: -2.353060084070416e-05
val: -2.318029501018335e-05
val: -2.282546626114139e-05
val: -2.246589968337767e-05
val: -2.210137799260546e-05
val: -2.173170008664173e-05
val: -2.135679179715078e-05
val: -2.097711526445055e-05
val: -2.059552906058649e-05
val: -2.022469162482882e-05
val: -1.991756129876197e-05
val: -1.989189620667384e-05
val: -2.105113698264025e-05
val: -2.740720915120441e-05
val: -5.809094087756959e-05
val: -0.0001924843841757671
val: -0.0007241952689829961
val: -0.002745845113058278
val: -0.01028465759677754
val: -0.03748055853524979
val: -0.1282730537829036
val: -0.3743245595562405
val: -0.8141683623307733
val: -1.27326468163053
val: -1.589570352768893
val: -1.767888357658427
val: -1.86322556165603
val: -1.910660743654912
val: -1.934697788047503
val: -1.944287492887994
val: -1.947842566771509
val: -1.946902584054593
val: -1.944387519630763
val: -1.940700122563931
val: -1.936183565534216
val: -1.932025206503798
val: -1.926647903872454
val: -1.922401743901246
val: -1.91710253057135
val: -1.912482620805309
val: -1.907744085135378
val: -1.902599198583017
val: -1.898295229979558
val: -1.893012404628516
val: -1.888532823159813
val: -1.88399295075963
val:                0
description: S at surface
scaling: 2993.025100070677
val: 0.8243679089753321
description: Volatile partial pressure
scaling: 1207268.722106174
val: 2.45199116443088
val: 0.1335633408442396
