description: dS/dr (basic nodes)
scaling: 0.0004697889028520918
val:                0
val: -1.918114344069875
val: -1.853567565610742
val: -1.792545010239838
val: -1.734673472538441
val: -1.679689437667278
val: -1.627303576158893
val: -1.577234559468251
val: -1.529334393628266
val: -1.483431732344635
val: -1.439381578456515
val: -1.397005582804627
val: -1.356197754202505
val: -1.316812277561286
val: -1.278747510428051
val: -1.241902703708863
val: -1.206188277528052
val: -1.171516938939901
val: -1.137814309892214
val: -1.105006842370772
val: -1.073031452586691
val: -1.041823144266093
val: -1.011329208215618
val: -0.9814881942810313
val: -0.9522431596093945
val: -0.9230195097533581
val: -0.8778026366668634
val: -0.6845519972831692
val: -0.4840983326918574
val: -0.4028892666868805
val: -0.3778014295349659
val: -0.3703544192418773
val: -0.3675531435033552
val: -0.3657267939584917
val: -0.3640479596145891
val: -0.3622379727312489
val: -0.3600390959080348
val: -0.3576277830345085
val: -0.3550543528039367
val: -0.3521239920404656
val: -0.3490466630023825
val: -0.3458569632378646
val: -0.3424135959721501
val: -0.3389138593196629
val: -0.3353205093644784
val: -0.3315802307342268
val: -0.3278720612300793
val: -0.3240824183493702
val: -0.3202448523810423
val: -0.3165090669108004
val: -0.3126832307332322
val: -0.3089339513790063
val: -0.3052354339733785
val: -0.3015371795640161
val: -0.2979727371488508
val: -0.2944054875980459
val: -0.2909438412048154
val: -0.2875608125487236
val: -0.2842257789940922
val: -0.2810241656519026
val: -0.2778489237599382
val: -0.2748028353222898
val: -0.2718083386019708
val: -0.2689067663693326
val: -0.2660831717154133
val: -0.2633292973196165
val: -0.2606680632015745
val: -0.2580521812398079
val: -0.2555308868436261
val: -0.2530457439060599
val: -0.2506506279466545
val: -0.2482829157873075
val: -0.2459863082964295
val: -0.2437163364977573
val: -0.2415073199742749
val: -0.2393191682613863
val: -0.237172625047231
val: -0.2350389360840239
val: -0.2329367674786841
val: -0.230840240598795
val: -0.228757653707763
val: -0.226667548762573
val: -0.2245759658099584
val: -0.2224715910012413
val: -0.2203472278418008
val: -0.2181884903748011
val: -0.2159949127722521
val: -0.213754377342088
val: -0.2114592268653402
val: -0.2090861430484048
val: -0.2066384277315684
val: -0.2040898557817507
val: -0.2014349540692476
val: -0.1986483101789109
val: -0.1957060413816831
val: -0.1925986181704657
val: -0.1892794642130992
val: -0.1857313650400914
val: -0.1819071234355541
val:                0
description: S at surface
scaling: 0.0004697889028520918
val: 0.351193564144183
description: Magma ocean volatile content
scaling: 0.0004697889028520918
val: 0.2076888998639458
val: 59.91299575467099
