description: dS/dxi
scaling:          2.6e-05
val: -32.21934486486685
val: -32.37314340592041
val: -13.705066437913164
val: -5.676957081404239
val: -3.2382021583428173
val: -1.879492797120081
val: -1.225111712338434
val: -1.0195912578028492
val: -1.083717588884087
val: -1.1413937690293583
val: -1.1642239997573773
val: -1.296745525117577
val: -1.421329541469638
val: -1.5252850936591824
val: -1.5854861263566935
val: -1.6638354228911034
val: -1.7306925239590543
val: -1.7881436269840796
val: -1.8379045434777377
val: -1.8687157486030235
val: -1.9091519173843798
val: -1.9457265867304787
val: -1.9798819743459253
val: -2.013294413281436
val: -2.047938849240227
val: -2.081518058015295
val: -2.127099184785061
val: -2.1817971492043475
val: -2.2480967178501037
val: -2.32754683928739
val: -2.420251855599424
val: -2.5246923837539446
val: -2.6374219905932414
val: -2.755877266218666
val: -2.8750111162626557
val: -2.991056664295663
val: -3.1009227611506356
val: -3.2022810470146696
val: -3.2937275055169297
val: -3.3753710873573737
val: -3.4447933217464057
val: -3.5029023311441816
val: -3.549856694556048
val: -3.5857045268269854
val: -3.611948253272742
val: -3.6249927563963924
val: -3.6258572925395653
val: -3.6134109372445096
val: -3.5875634470247353
val: -2.3572643206441626
description: S at top staggered node
scaling:             2600
val: 0.6503311309986857
