description: dS/dr
scaling: 4.697889028520918e-05
val:                0
val: -3.823401966839787e-05
val: -3.839166328006792e-05
val: -3.831852181990592e-05
val: -3.813648374508723e-05
val: -3.790725964258876e-05
val: -3.76465244555122e-05
val: -3.737106307095452e-05
val: -3.708695538280519e-05
val: -3.679712355492613e-05
val: -3.650592871952394e-05
val: -3.62125614614149e-05
val: -3.591990186916757e-05
val: -3.562723699456472e-05
val: -3.533558094655752e-05
val: -3.504456432260528e-05
val: -3.475450389392871e-05
val: -3.446523002882959e-05
val: -3.417675143874096e-05
val: -3.388888043950377e-05
val: -3.360157409485405e-05
val: -3.331460678230711e-05
val: -3.302796372574309e-05
val: -3.274132445770461e-05
val: -3.245481204749997e-05
val: -3.216798307221186e-05
val: -3.188096087563743e-05
val: -3.159339275250997e-05
val: -3.130531077725128e-05
val: -3.10165046427781e-05
val: -3.072682609244903e-05
val: -3.043622669126872e-05
val: -3.014443377569897e-05
val: -2.985147084314355e-05
val: -2.955713389348676e-05
val: -2.926129628423069e-05
val: -2.896385406060195e-05
val: -2.866467539260027e-05
val: -2.836360528902458e-05
val: -2.806056028022617e-05
val: -2.77553828774232e-05
val: -2.744792843419424e-05
val: -2.713810158454081e-05
val: -2.682574562993767e-05
val: -2.651069652600203e-05
val: -2.619284788046237e-05
val: -2.58720710808555e-05
val: -2.554816375115198e-05
val: -2.52210092303196e-05
val: -2.489041909691395e-05
val: -2.455626633767853e-05
val: -2.421834012391955e-05
val: -2.387647663880172e-05
val: -2.353048942723317e-05
val: -2.318018731568355e-05
val: -2.282536236591939e-05
val: -2.246579967085245e-05
val: -2.210128194945967e-05
val: -2.173160809350143e-05
val: -2.135670389940941e-05
val: -2.097703133374855e-05
val: -2.059544822491465e-05
val: -2.022460990874717e-05
val: -1.991746198608866e-05
val: -1.989171017352975e-05
val: -2.105057166792958e-05
val: -2.740490944186027e-05
val: -5.808051114021582e-05
val: -0.0001924410857292501
val: -0.0007240271114416602
val: -0.002745208055554793
val: -0.01028229340830827
val: -0.03747215716010938
val: -0.1282464151842755
val: -0.3742616814121906
val: -0.8140806395888942
val: -1.273192892699865
val: -1.589527149879973
val: -1.767864797097444
val: -1.863213172888477
val: -1.910654400552204
val: -1.934694674162236
val: -1.944286107231029
val: -1.947842106694967
val: -1.946902621181475
val: -1.944387823836075
val: -1.940700570041325
val: -1.93618408907243
val: -1.932025770190301
val: -1.926648487277759
val: -1.922402336979767
val: -1.917103126802029
val: -1.912483217388094
val: -1.907744680236806
val: -1.902599791005888
val: -1.898295819707239
val: -1.893012990816153
val: -1.888533406144323
val: -1.883993530441952
val:                0
description: S at surface
scaling: 2993.025100070677
val: 0.8243682339516939
description: Volatile partial pressure
scaling: 1207268.722106174
val: 2.452013127735293
val: 0.1335706378206893
