description: dS/dr
scaling: 4.697889028520918e-05
val:                0
val: -0.2128615626996608
val: -0.2128615626994166
val: -0.2128615626996608
val: -0.2128615626994166
val: -0.2128615626996608
val: -0.2128615626994166
val: -0.2128615626996673
val: -0.2128615626994166
val: -0.2128615626996608
val: -0.2128615626994231
val: -0.2128615626996608
val: -0.2128615626994166
val: -0.2128615626996608
val: -0.2128615626994166
val: -0.2128615626996608
val: -0.2128615626994166
val: -0.2128615626996673
val: -0.2128615626994166
val: -0.2128615626996673
val: -0.2128615626994166
val: -0.2128615626996608
val: -0.2128615626994166
val: -0.2128615626996608
val: -0.2128615626994166
val: -0.2128615626996608
val: -0.2128615626994231
val: -0.2128615626996608
val: -0.2128615626994166
val: -0.2128615626996673
val: -0.2128615626994166
val: -0.2128615626996608
val: -0.2128615626994166
val: -0.2128615626996608
val: -0.2128615626994166
val: -0.2128615626996673
val: -0.2128615626994166
val: -0.2128615626996608
val: -0.2128615626994166
val: -0.2128615626996673
val: -0.2128615626994166
val: -0.2128615626996608
val: -0.2128615626994166
val: -0.2128615626996608
val: -0.2128615626996608
val: -0.2128615626994231
val: -0.2128615626996608
val: -0.2128615626994166
val: -0.2128615626996673
val: -0.2128615626994166
val: -0.2128615626996608
val: -0.2128615626994166
val: -0.2128615626996608
val: -0.2128615626994166
val: -0.2128615626996673
val: -0.2128615626994166
val: -0.2128615626996608
val: -0.2128615626994166
val: -0.2128615626996673
val: -0.2128615626994166
val: -0.2128615626996608
val: -0.2128615626994166
val: -0.2128615626996608
val: -0.2128615626994166
val: -0.2128615626996673
val: -0.2128615626994166
val: -0.2128615626996608
val: -0.2128615626994231
val: -0.2128615626996608
val: -0.2128615626994166
val: -0.2128615626996608
val: -0.2128615626994166
val: -0.2128615626996608
val: -0.2128615626994231
val: -0.2128615626996608
val: -0.2128615626994166
val: -0.2128615626996608
val: -0.2128615626994231
val: -0.2128615626996608
val: -0.2128615626994166
val: -0.2128615626996608
val: -0.2128615626994166
val: -0.2128615626996673
val: -0.2128615626994166
val: -0.2128615626996608
val: -0.2128615626994166
val: -0.2128615626996641
val: -0.2128615626994166
val: -0.2128615626996641
val: -0.2128615626994166
val: -0.2128615626996641
val: -0.2128615626994166
val: -0.2128615626996641
val: -0.2128615626996608
val: -0.2128615626994166
val: -0.2128615626996641
val: -0.2128615626994166
val: -0.2128615626996641
val: -0.2128615626994166
val:                0
description: S at surface
scaling: 2993.025100070677
val: 0.8686863334151804
description: Volatile partial pressure
scaling: 1207268.722106174
val: 2.450645987437314
val: 0.1327659415441767
