description: dS/dr
scaling: 4.697889028520918e-05
val:                0
val: -0.0001614650774034212
val: -0.0001628970265983139
val: -0.000163072135043688
val: -0.0001626181460341468
val: -0.0001618578533514716
val: -0.0001608807239520373
val: -0.000159780242885851
val: -0.0001585941775133572
val: -0.0001573432070029686
val: -0.0001560540545486491
val: -0.0001547267316800687
val: -0.0001533789538456807
val: -0.0001520099208052565
val: -0.0001506270288773725
val: -0.0001492304517588349
val: -0.0001478233951822588
val: -0.0001464064367012329
val: -0.0001449808196330654
val: -0.0001435466726227
val: -0.000142104640278991
val: -0.0001406544042059122
val: -0.0001391964802353786
val: -0.0001377299421029496
val: -0.0001362557011121408
val: -0.0001347721730875879
val: -0.0001332801155907659
val: -0.0001317782324079872
val: -0.0001302667729243165
val: -0.0001287449459158714
val: -0.0001272121770138121
val: -0.0001256682547544975
val: -0.0001241121076085223
val: -0.0001225440041860992
val: -0.000120964395803001
val: -0.0001193793423221384
val: -0.0001178203071648157
val: -0.0001164388650411402
val: -0.0001159509417760814
val: -0.0001197432652124855
val: -0.000144660456739158
val: -0.0002837103202765873
val: -0.001008490790059583
val: -0.004346471413325923
val: -0.01886947934619174
val: -0.0782435169373543
val: -0.2815935584890299
val: -0.7329424925318926
val: -1.257132812727017
val: -1.60992869456549
val: -1.796939823349884
val: -1.888921800866091
val: -1.932832517105064
val: -1.953476452235989
val: -1.961517936928667
val: -1.964432974509828
val: -1.963984726254039
val: -1.961907141520777
val: -1.959496333249991
val: -1.955668019823968
val: -1.952632895433265
val: -1.948494342150993
val: -1.944888888114606
val: -1.940855252104767
val: -1.936749181059876
val: -1.932867859271609
val: -1.928360811583716
val: -1.924626139796329
val: -1.91980159929463
val: -1.916187800203787
val: -1.911125790865923
val: -1.907496692770076
val: -1.902475255110901
val: -1.898738561958531
val: -1.893736777169177
val: -1.889954880017184
val: -1.884929371965999
val: -1.881172559223725
val: -1.876077638551766
val: -1.872362237110434
val: -1.867254639087573
val: -1.863463392978929
val: -1.858558074359025
val: -1.854568053907322
val: -1.849928535637635
val: -1.845691520090132
val: -1.841378547248402
val: -1.836847044686207
val: -1.832918664713296
val: -1.828046094324845
val: -1.824268942798909
val: -1.819584738663075
val: -1.815530847573327
val: -1.811378149478021
val: -1.80685893640824
val: -1.803098095841714
val: -1.7984471005985
val: -1.794518356153278
val: -1.7905302692327
val:                0
description: S at surface
scaling: 2993.025100070677
val: 0.7735145822647668
description: Volatile partial pressure
scaling: 1207268.722106174
val: 0.1625579900652057
val: 0.131056343715983
val: 1.737643054036582
val: 0.3067474802286319
description: Reaction total mass
scaling: 3.249620750537261e+17
val: -4.204050404548821
val: 20.71704935266116
