description: dS/dxi
scaling: 0.04697889028520918
val: 0.0
val: -1.601746589827235
val: -0.02608764016522283
val: -0.02515833704276219
val: -0.024241063552052
val: -0.023234310612665333
val: -0.022433534230468316
val: -0.02164029078788445
val: -0.020818438105551815
val: -0.02014153258493479
val: -0.019442930637864755
val: -0.0187413343675315
val: -0.018134244965722315
val: -0.017466371435581295
val: -0.016813563903779243
val: -0.016206696231941754
val: -0.015481690567741678
val: -0.014794432627779705
val: -0.01410480713757966
val: -0.013217866579946358
val: -0.012422008791800053
val: -0.005657884952465734
val: -0.0
val: -0.0
val: -0.0
val: -0.0
val: -0.0
val: -0.0
val: -0.0
val: -0.0
val: -0.0
val: -0.0
val: -0.0
val: -0.0
val: -0.0
val: -0.0
val: -0.0
val: -0.0
val: -0.0
val: -0.0
val: -0.0
val: -0.0
val: -0.0
val: -0.0
val: -0.0
val: -0.0
val: -0.0
val: -0.0
val: -0.0
val: -0.0
val: -0.0
val: -0.0
val: -0.0
val: -0.0
val: -0.0
val: -0.0
val: -0.0
val: -0.0
val: -0.0
val: -0.0
val: -0.0
val: -0.0
val: -0.0
val: -0.0
val: -0.0
val: -0.0
val: -0.0
val: -0.0
val: -0.0
val: -0.0
val: -0.0
val: -0.0
val: -0.0
val: -0.0
val: -0.0
val: -0.0
val: -0.0
val: -0.0
val: -0.0
val: -0.0
val: -0.0
val: -0.0
val: -0.0
val: -0.0
val: -0.0
val: -0.0
val: -0.0
val: -0.0
val: -0.0
val: -0.0
val: -0.0
val: -0.0
val: -0.0
val: -0.0
val: -0.0
val: -0.0
val: -0.0
val: -0.0
val: -0.0
val: -0.0
val: -0.0
val: -0.0
val: -0.0
val: -0.0
val: -0.0
val: -0.0
val: -0.0
val: -0.0
val: -0.0
val: -0.0
val: -0.0
val: -0.0
val: -0.0
val: -0.0
val: -0.0
val: -0.0
val: -0.0
val: -0.0
val: -0.0
val: -0.0
val: -0.0
val: -0.0
val: -0.0
val: -0.0
val: -0.0
val: -0.0
val: -0.0
val: -0.0
val: -0.0
val: -0.0
val: -0.0
val: -0.0
val: -0.0
val: -0.0
val: -0.0
val: -0.0
val: -0.0
val: -0.0
val: -0.0
val: -0.0
val: -0.0
val: -0.0
val: -0.0
val: -0.0
val: -0.0
val: -0.0
val: -0.0
val: -0.0
val: -0.0
val: -0.0
val: -0.0
val: -0.0
val: -0.0
val: -0.0
val: -0.0
val: -0.0
val: -0.0
val: -0.0
val: -0.0
val: -0.0
val: -0.0
val: -0.0
val: -0.0
val: -0.0
val: -0.0
val: -0.0
val: -0.0
val: -0.0
val: -0.0
val: -0.0
val: -0.0
val: -0.0
val: -0.0
val: -0.0
val: -0.0
val: -0.0
val: -0.0
val: -0.0
val: -0.0
val: -0.0
val: -0.0
val: -0.0
val: -0.0
val: -0.0
val: -0.0
val: -0.0
val: -0.0
val: -0.0
val: -0.0
val: -0.0
val: -0.0
val: -0.0
val: -0.0
val: -0.0
val: -0.0
val: -0.0
val: -0.0
val: -0.0
val: -0.30439157168693504
val: 0.0
description: S at surface
scaling: 2993.025100070677
val: 0.134646381679353
