description: dS/dr
scaling: 4.697889028520918e-05
val:                0
val: -3.187118644516748e-05
val: -3.192442258166615e-05
val: -3.181542262201503e-05
val: -3.163202776425366e-05
val: -3.141901366211838e-05
val: -3.118707521896498e-05
val: -3.094804556588154e-05
val: -3.070588295944087e-05
val: -3.046228377632657e-05
val: -3.022015168884124e-05
val: -2.997853287685931e-05
val: -2.973934685894771e-05
val: -2.950182604604161e-05
val: -2.926655190753352e-05
val: -2.903307912484081e-05
val: -2.880151612647246e-05
val: -2.857161746486794e-05
val: -2.834329051810881e-05
val: -2.811630386905085e-05
val: -2.789055234830918e-05
val: -2.766579569578129e-05
val: -2.744197082856955e-05
val: -2.721877540136903e-05
val: -2.699627407526915e-05
val: -2.67740738256895e-05
val: -2.655225049585353e-05
val: -2.633049306262091e-05
val: -2.610881149745094e-05
val: -2.588701827578744e-05
val: -2.566497991619176e-05
val: -2.544264972113465e-05
val: -2.521979371865489e-05
val: -2.499643084795847e-05
val: -2.477238957876947e-05
val: -2.454756464562131e-05
val: -2.432187405573771e-05
val: -2.409521124011288e-05
val: -2.386745306926129e-05
val: -2.363853935053602e-05
val: -2.340834676156895e-05
val: -2.317676540065871e-05
val: -2.294372994392327e-05
val: -2.270912314948804e-05
val: -2.247282214142797e-05
val: -2.223475796000614e-05
val: -2.199484260152599e-05
val: -2.17529264568091e-05
val: -2.150893570741503e-05
val: -2.126273850555182e-05
val: -2.101425654008659e-05
val: -2.076334199628186e-05
val: -2.050988973954165e-05
val: -2.025377974522191e-05
val: -1.999488989516133e-05
val: -1.973308670671161e-05
val: -1.946823298923335e-05
val: -1.920018707851315e-05
val: -1.892880067666317e-05
val: -1.865392425841291e-05
val: -1.837538690163159e-05
val: -1.809304237763577e-05
val: -1.780669648042647e-05
val: -1.751615289494873e-05
val: -1.722122414656233e-05
val: -1.692169708471082e-05
val: -1.661734178628261e-05
val: -1.630794542515415e-05
val: -1.599327101936724e-05
val: -1.567320236611282e-05
val: -1.534804710867397e-05
val: -1.501980512356511e-05
val: -1.469725716701185e-05
val: -1.441490646592123e-05
val: -1.430671693127521e-05
val: -1.488993573907711e-05
val: -1.830408981325425e-05
val: -3.401957434995374e-05
val: -0.00010044400843911
val: -0.0003508445033103789
val: -0.001255731292301796
val: -0.004448694017992779
val: -0.01555602265668648
val: -0.0525897766384722
val: -0.165552088583799
val: -0.4377440762025124
val: -0.8704488502564389
val: -1.295202418904047
val: -1.581587552383093
val: -1.750970652365603
val: -1.83975646260314
val: -1.890372164570597
val: -1.912274039670494
val: -1.921191076207828
val: -1.928053672071799
val: -1.925955943327611
val: -1.926783821498997
val: -1.92141633696358
val: -1.915451687893042
val:                0
description: S at surface
scaling: 2993.025100070677
val: 0.8440392688413135
description: Volatile partial pressure
scaling: 1207268.722106174
val:  5.6390882317997
